------------------------------------------------------------
TimeQuest Timing Analyzer Summary
------------------------------------------------------------

Type  : Slow 1200mV 85C Model Setup 'CLOCK_50'
Slack : 3.415
TNS   : 0.000

Type  : Slow 1200mV 85C Model Setup 'DE0_LT24_SOPC_inst|alt_pll|sd1|pll7|clk[0]'
Slack : 6.160
TNS   : 0.000

Type  : Slow 1200mV 85C Model Setup 'ClockTest_inst|altpll_component|auto_generated|pll1|clk[0]'
Slack : 7.362
TNS   : 0.000

Type  : Slow 1200mV 85C Model Setup 'altera_reserved_tck'
Slack : 42.494
TNS   : 0.000

Type  : Slow 1200mV 85C Model Setup 'DE0_LT24_SOPC_inst|alt_pll|sd1|pll7|clk[2]'
Slack : 92.688
TNS   : 0.000

Type  : Slow 1200mV 85C Model Hold 'ClockTest_inst|altpll_component|auto_generated|pll1|clk[0]'
Slack : 0.218
TNS   : 0.000

Type  : Slow 1200mV 85C Model Hold 'DE0_LT24_SOPC_inst|alt_pll|sd1|pll7|clk[0]'
Slack : 0.289
TNS   : 0.000

Type  : Slow 1200mV 85C Model Hold 'altera_reserved_tck'
Slack : 0.320
TNS   : 0.000

Type  : Slow 1200mV 85C Model Hold 'CLOCK_50'
Slack : 0.326
TNS   : 0.000

Type  : Slow 1200mV 85C Model Hold 'DE0_LT24_SOPC_inst|alt_pll|sd1|pll7|clk[2]'
Slack : 0.356
TNS   : 0.000

Type  : Slow 1200mV 85C Model Recovery 'DE0_LT24_SOPC_inst|alt_pll|sd1|pll7|clk[0]'
Slack : 13.979
TNS   : 0.000

Type  : Slow 1200mV 85C Model Recovery 'CLOCK_50'
Slack : 14.906
TNS   : 0.000

Type  : Slow 1200mV 85C Model Recovery 'altera_reserved_tck'
Slack : 48.028
TNS   : 0.000

Type  : Slow 1200mV 85C Model Recovery 'DE0_LT24_SOPC_inst|alt_pll|sd1|pll7|clk[2]'
Slack : 96.429
TNS   : 0.000

Type  : Slow 1200mV 85C Model Removal 'CLOCK_50'
Slack : 0.884
TNS   : 0.000

Type  : Slow 1200mV 85C Model Removal 'altera_reserved_tck'
Slack : 1.037
TNS   : 0.000

Type  : Slow 1200mV 85C Model Removal 'DE0_LT24_SOPC_inst|alt_pll|sd1|pll7|clk[2]'
Slack : 1.548
TNS   : 0.000

Type  : Slow 1200mV 85C Model Removal 'DE0_LT24_SOPC_inst|alt_pll|sd1|pll7|clk[0]'
Slack : 4.611
TNS   : 0.000

Type  : Slow 1200mV 85C Model Minimum Pulse Width 'CLOCK_50'
Slack : 9.484
TNS   : 0.000

Type  : Slow 1200mV 85C Model Minimum Pulse Width 'DE0_LT24_SOPC_inst|alt_pll|sd1|pll7|clk[0]'
Slack : 9.660
TNS   : 0.000

Type  : Slow 1200mV 85C Model Minimum Pulse Width 'altera_reserved_tck'
Slack : 49.490
TNS   : 0.000

Type  : Slow 1200mV 85C Model Minimum Pulse Width 'DE0_LT24_SOPC_inst|alt_pll|sd1|pll7|clk[2]'
Slack : 49.746
TNS   : 0.000

Type  : Slow 1200mV 85C Model Minimum Pulse Width 'ClockTest_inst|altpll_component|auto_generated|pll1|clk[0]'
Slack : 99999.734
TNS   : 0.000

Type  : Slow 1200mV 0C Model Setup 'CLOCK_50'
Slack : 5.133
TNS   : 0.000

Type  : Slow 1200mV 0C Model Setup 'DE0_LT24_SOPC_inst|alt_pll|sd1|pll7|clk[0]'
Slack : 7.420
TNS   : 0.000

Type  : Slow 1200mV 0C Model Setup 'ClockTest_inst|altpll_component|auto_generated|pll1|clk[0]'
Slack : 7.570
TNS   : 0.000

Type  : Slow 1200mV 0C Model Setup 'altera_reserved_tck'
Slack : 43.236
TNS   : 0.000

Type  : Slow 1200mV 0C Model Setup 'DE0_LT24_SOPC_inst|alt_pll|sd1|pll7|clk[2]'
Slack : 93.386
TNS   : 0.000

Type  : Slow 1200mV 0C Model Hold 'ClockTest_inst|altpll_component|auto_generated|pll1|clk[0]'
Slack : 0.219
TNS   : 0.000

Type  : Slow 1200mV 0C Model Hold 'DE0_LT24_SOPC_inst|alt_pll|sd1|pll7|clk[0]'
Slack : 0.291
TNS   : 0.000

Type  : Slow 1200mV 0C Model Hold 'CLOCK_50'
Slack : 0.305
TNS   : 0.000

Type  : Slow 1200mV 0C Model Hold 'altera_reserved_tck'
Slack : 0.310
TNS   : 0.000

Type  : Slow 1200mV 0C Model Hold 'DE0_LT24_SOPC_inst|alt_pll|sd1|pll7|clk[2]'
Slack : 0.311
TNS   : 0.000

Type  : Slow 1200mV 0C Model Recovery 'DE0_LT24_SOPC_inst|alt_pll|sd1|pll7|clk[0]'
Slack : 14.611
TNS   : 0.000

Type  : Slow 1200mV 0C Model Recovery 'CLOCK_50'
Slack : 15.424
TNS   : 0.000

Type  : Slow 1200mV 0C Model Recovery 'altera_reserved_tck'
Slack : 48.298
TNS   : 0.000

Type  : Slow 1200mV 0C Model Recovery 'DE0_LT24_SOPC_inst|alt_pll|sd1|pll7|clk[2]'
Slack : 96.794
TNS   : 0.000

Type  : Slow 1200mV 0C Model Removal 'CLOCK_50'
Slack : 0.789
TNS   : 0.000

Type  : Slow 1200mV 0C Model Removal 'altera_reserved_tck'
Slack : 0.940
TNS   : 0.000

Type  : Slow 1200mV 0C Model Removal 'DE0_LT24_SOPC_inst|alt_pll|sd1|pll7|clk[2]'
Slack : 1.413
TNS   : 0.000

Type  : Slow 1200mV 0C Model Removal 'DE0_LT24_SOPC_inst|alt_pll|sd1|pll7|clk[0]'
Slack : 4.171
TNS   : 0.000

Type  : Slow 1200mV 0C Model Minimum Pulse Width 'CLOCK_50'
Slack : 9.485
TNS   : 0.000

Type  : Slow 1200mV 0C Model Minimum Pulse Width 'DE0_LT24_SOPC_inst|alt_pll|sd1|pll7|clk[0]'
Slack : 9.687
TNS   : 0.000

Type  : Slow 1200mV 0C Model Minimum Pulse Width 'altera_reserved_tck'
Slack : 49.440
TNS   : 0.000

Type  : Slow 1200mV 0C Model Minimum Pulse Width 'DE0_LT24_SOPC_inst|alt_pll|sd1|pll7|clk[2]'
Slack : 49.743
TNS   : 0.000

Type  : Slow 1200mV 0C Model Minimum Pulse Width 'ClockTest_inst|altpll_component|auto_generated|pll1|clk[0]'
Slack : 99999.739
TNS   : 0.000

Type  : Fast 1200mV 0C Model Setup 'ClockTest_inst|altpll_component|auto_generated|pll1|clk[0]'
Slack : 8.002
TNS   : 0.000

Type  : Fast 1200mV 0C Model Setup 'CLOCK_50'
Slack : 10.695
TNS   : 0.000

Type  : Fast 1200mV 0C Model Setup 'DE0_LT24_SOPC_inst|alt_pll|sd1|pll7|clk[0]'
Slack : 11.906
TNS   : 0.000

Type  : Fast 1200mV 0C Model Setup 'altera_reserved_tck'
Slack : 45.817
TNS   : 0.000

Type  : Fast 1200mV 0C Model Setup 'DE0_LT24_SOPC_inst|alt_pll|sd1|pll7|clk[2]'
Slack : 95.800
TNS   : 0.000

Type  : Fast 1200mV 0C Model Hold 'ClockTest_inst|altpll_component|auto_generated|pll1|clk[0]'
Slack : 0.092
TNS   : 0.000

Type  : Fast 1200mV 0C Model Hold 'DE0_LT24_SOPC_inst|alt_pll|sd1|pll7|clk[0]'
Slack : 0.142
TNS   : 0.000

Type  : Fast 1200mV 0C Model Hold 'CLOCK_50'
Slack : 0.149
TNS   : 0.000

Type  : Fast 1200mV 0C Model Hold 'altera_reserved_tck'
Slack : 0.165
TNS   : 0.000

Type  : Fast 1200mV 0C Model Hold 'DE0_LT24_SOPC_inst|alt_pll|sd1|pll7|clk[2]'
Slack : 0.187
TNS   : 0.000

Type  : Fast 1200mV 0C Model Recovery 'DE0_LT24_SOPC_inst|alt_pll|sd1|pll7|clk[0]'
Slack : 16.366
TNS   : 0.000

Type  : Fast 1200mV 0C Model Recovery 'CLOCK_50'
Slack : 16.897
TNS   : 0.000

Type  : Fast 1200mV 0C Model Recovery 'altera_reserved_tck'
Slack : 49.158
TNS   : 0.000

Type  : Fast 1200mV 0C Model Recovery 'DE0_LT24_SOPC_inst|alt_pll|sd1|pll7|clk[2]'
Slack : 97.831
TNS   : 0.000

Type  : Fast 1200mV 0C Model Removal 'CLOCK_50'
Slack : 0.488
TNS   : 0.000

Type  : Fast 1200mV 0C Model Removal 'altera_reserved_tck'
Slack : 0.572
TNS   : 0.000

Type  : Fast 1200mV 0C Model Removal 'DE0_LT24_SOPC_inst|alt_pll|sd1|pll7|clk[2]'
Slack : 0.857
TNS   : 0.000

Type  : Fast 1200mV 0C Model Removal 'DE0_LT24_SOPC_inst|alt_pll|sd1|pll7|clk[0]'
Slack : 2.672
TNS   : 0.000

Type  : Fast 1200mV 0C Model Minimum Pulse Width 'CLOCK_50'
Slack : 9.206
TNS   : 0.000

Type  : Fast 1200mV 0C Model Minimum Pulse Width 'DE0_LT24_SOPC_inst|alt_pll|sd1|pll7|clk[0]'
Slack : 9.749
TNS   : 0.000

Type  : Fast 1200mV 0C Model Minimum Pulse Width 'altera_reserved_tck'
Slack : 49.293
TNS   : 0.000

Type  : Fast 1200mV 0C Model Minimum Pulse Width 'DE0_LT24_SOPC_inst|alt_pll|sd1|pll7|clk[2]'
Slack : 49.780
TNS   : 0.000

Type  : Fast 1200mV 0C Model Minimum Pulse Width 'ClockTest_inst|altpll_component|auto_generated|pll1|clk[0]'
Slack : 99999.747
TNS   : 0.000

------------------------------------------------------------
