Archive member included to satisfy reference by file (symbol)

c:/altera/15.0/qartussetupweb/nios2eds/bin/gnu/h-x86_64-mingw32/bin/../lib/gcc/nios2-elf/4.9.1/../../../../../H-x86_64-mingw32/nios2-elf/lib\libm.a(lib_a-w_sqrt.o)
                              obj/default/graphic_lib/geometry.o (sqrt)
c:/altera/15.0/qartussetupweb/nios2eds/bin/gnu/h-x86_64-mingw32/bin/../lib/gcc/nios2-elf/4.9.1/../../../../../H-x86_64-mingw32/nios2-elf/lib\libm.a(lib_a-e_sqrt.o)
                              c:/altera/15.0/qartussetupweb/nios2eds/bin/gnu/h-x86_64-mingw32/bin/../lib/gcc/nios2-elf/4.9.1/../../../../../H-x86_64-mingw32/nios2-elf/lib\libm.a(lib_a-w_sqrt.o) (__ieee754_sqrt)
c:/altera/15.0/qartussetupweb/nios2eds/bin/gnu/h-x86_64-mingw32/bin/../lib/gcc/nios2-elf/4.9.1/../../../../../H-x86_64-mingw32/nios2-elf/lib\libm.a(lib_a-s_fpclassify.o)
                              c:/altera/15.0/qartussetupweb/nios2eds/bin/gnu/h-x86_64-mingw32/bin/../lib/gcc/nios2-elf/4.9.1/../../../../../H-x86_64-mingw32/nios2-elf/lib\libm.a(lib_a-w_sqrt.o) (__fpclassifyd)
c:/altera/15.0/qartussetupweb/nios2eds/bin/gnu/h-x86_64-mingw32/bin/../lib/gcc/nios2-elf/4.9.1/../../../../../H-x86_64-mingw32/nios2-elf/lib\libm.a(lib_a-s_lib_ver.o)
                              c:/altera/15.0/qartussetupweb/nios2eds/bin/gnu/h-x86_64-mingw32/bin/../lib/gcc/nios2-elf/4.9.1/../../../../../H-x86_64-mingw32/nios2-elf/lib\libm.a(lib_a-w_sqrt.o) (__fdlib_version)
c:/altera/15.0/qartussetupweb/nios2eds/bin/gnu/h-x86_64-mingw32/bin/../lib/gcc/nios2-elf/4.9.1/../../../../../H-x86_64-mingw32/nios2-elf/lib\libm.a(lib_a-s_matherr.o)
                              c:/altera/15.0/qartussetupweb/nios2eds/bin/gnu/h-x86_64-mingw32/bin/../lib/gcc/nios2-elf/4.9.1/../../../../../H-x86_64-mingw32/nios2-elf/lib\libm.a(lib_a-w_sqrt.o) (matherr)
c:/altera/15.0/qartussetupweb/nios2eds/bin/gnu/h-x86_64-mingw32/bin/../lib/gcc/nios2-elf/4.9.1\libgcc.a(lib2-divmod.o)
                              obj/default/demo/gui.o (__divsi3)
c:/altera/15.0/qartussetupweb/nios2eds/bin/gnu/h-x86_64-mingw32/bin/../lib/gcc/nios2-elf/4.9.1\libgcc.a(adddf3.o)
                              c:/altera/15.0/qartussetupweb/nios2eds/bin/gnu/h-x86_64-mingw32/bin/../lib/gcc/nios2-elf/4.9.1/../../../../../H-x86_64-mingw32/nios2-elf/lib\libm.a(lib_a-e_sqrt.o) (__adddf3)
c:/altera/15.0/qartussetupweb/nios2eds/bin/gnu/h-x86_64-mingw32/bin/../lib/gcc/nios2-elf/4.9.1\libgcc.a(divdf3.o)
                              c:/altera/15.0/qartussetupweb/nios2eds/bin/gnu/h-x86_64-mingw32/bin/../lib/gcc/nios2-elf/4.9.1/../../../../../H-x86_64-mingw32/nios2-elf/lib\libm.a(lib_a-w_sqrt.o) (__divdf3)
c:/altera/15.0/qartussetupweb/nios2eds/bin/gnu/h-x86_64-mingw32/bin/../lib/gcc/nios2-elf/4.9.1\libgcc.a(gedf2.o)
                              obj/default/thats_my_gui.o (__gedf2)
c:/altera/15.0/qartussetupweb/nios2eds/bin/gnu/h-x86_64-mingw32/bin/../lib/gcc/nios2-elf/4.9.1\libgcc.a(ledf2.o)
                              c:/altera/15.0/qartussetupweb/nios2eds/bin/gnu/h-x86_64-mingw32/bin/../lib/gcc/nios2-elf/4.9.1/../../../../../H-x86_64-mingw32/nios2-elf/lib\libm.a(lib_a-w_sqrt.o) (__ltdf2)
c:/altera/15.0/qartussetupweb/nios2eds/bin/gnu/h-x86_64-mingw32/bin/../lib/gcc/nios2-elf/4.9.1\libgcc.a(muldf3.o)
                              c:/altera/15.0/qartussetupweb/nios2eds/bin/gnu/h-x86_64-mingw32/bin/../lib/gcc/nios2-elf/4.9.1/../../../../../H-x86_64-mingw32/nios2-elf/lib\libm.a(lib_a-e_sqrt.o) (__muldf3)
c:/altera/15.0/qartussetupweb/nios2eds/bin/gnu/h-x86_64-mingw32/bin/../lib/gcc/nios2-elf/4.9.1\libgcc.a(subdf3.o)
                              c:/altera/15.0/qartussetupweb/nios2eds/bin/gnu/h-x86_64-mingw32/bin/../lib/gcc/nios2-elf/4.9.1/../../../../../H-x86_64-mingw32/nios2-elf/lib\libm.a(lib_a-e_sqrt.o) (__subdf3)
c:/altera/15.0/qartussetupweb/nios2eds/bin/gnu/h-x86_64-mingw32/bin/../lib/gcc/nios2-elf/4.9.1\libgcc.a(fixdfsi.o)
                              obj/default/graphic_lib/geometry.o (__fixdfsi)
c:/altera/15.0/qartussetupweb/nios2eds/bin/gnu/h-x86_64-mingw32/bin/../lib/gcc/nios2-elf/4.9.1\libgcc.a(floatsidf.o)
                              obj/default/graphic_lib/geometry.o (__floatsidf)
c:/altera/15.0/qartussetupweb/nios2eds/bin/gnu/h-x86_64-mingw32/bin/../lib/gcc/nios2-elf/4.9.1\libgcc.a(_clzsi2.o)
                              c:/altera/15.0/qartussetupweb/nios2eds/bin/gnu/h-x86_64-mingw32/bin/../lib/gcc/nios2-elf/4.9.1\libgcc.a(adddf3.o) (__clzsi2)
c:/altera/15.0/qartussetupweb/nios2eds/bin/gnu/h-x86_64-mingw32/bin/../lib/gcc/nios2-elf/4.9.1\libgcc.a(_clz.o)
                              c:/altera/15.0/qartussetupweb/nios2eds/bin/gnu/h-x86_64-mingw32/bin/../lib/gcc/nios2-elf/4.9.1\libgcc.a(_clzsi2.o) (__clz_tab)
c:/altera/15.0/qartussetupweb/nios2eds/bin/gnu/h-x86_64-mingw32/bin/../lib/gcc/nios2-elf/4.9.1/../../../../../H-x86_64-mingw32/nios2-elf/lib\libc.a(lib_a-errno.o)
[...]
Memory Configuration

Name             Origin             Length             Attributes
reset            0x0000000002000000 0x0000000000000020
SDRAM            0x0000000002000020 0x0000000001ffffe0
background_mem   0x0000000004000000 0x0000000000002580
pic_mem          0x0000000004004000 0x0000000000002000
*default*        0x0000000000000000 0xffffffffffffffff

Linker script and memory map

LOAD ../FinalVersion_bsp//obj/HAL/src/crt0.o
LOAD obj/default/demo/gui.o
LOAD obj/default/demo/gui_vpg.o
LOAD obj/default/fonts/tahomabold_20.o
LOAD obj/default/fonts/tahomabold_32.o
LOAD obj/default/graphic_lib/ILI9341.o
LOAD obj/default/graphic_lib/geometry.o
LOAD obj/default/graphic_lib/simple_graphics.o
LOAD obj/default/graphic_lib/simple_text.o
LOAD obj/default/main.o
LOAD obj/default/terasic_lib/touch_spi.o
LOAD obj/default/thats_my_gui.o
LOAD c:/altera/15.0/qartussetupweb/nios2eds/bin/gnu/h-x86_64-mingw32/bin/../lib/gcc/nios2-elf/4.9.1/../../../../../H-x86_64-mingw32/nios2-elf/lib\libstdc++.a
LOAD c:/altera/15.0/qartussetupweb/nios2eds/bin/gnu/h-x86_64-mingw32/bin/../lib/gcc/nios2-elf/4.9.1/../../../../../H-x86_64-mingw32/nios2-elf/lib\libm.a
LOAD c:/altera/15.0/qartussetupweb/nios2eds/bin/gnu/h-x86_64-mingw32/bin/../lib/gcc/nios2-elf/4.9.1\libgcc.a
START GROUP
LOAD c:/altera/15.0/qartussetupweb/nios2eds/bin/gnu/h-x86_64-mingw32/bin/../lib/gcc/nios2-elf/4.9.1/../../../../../H-x86_64-mingw32/nios2-elf/lib\libc.a
LOAD c:/altera/15.0/qartussetupweb/nios2eds/bin/gnu/h-x86_64-mingw32/bin/../lib/gcc/nios2-elf/4.9.1\libgcc.a
LOAD ../FinalVersion_bsp/\libhal_bsp.a
LOAD c:/altera/15.0/qartussetupweb/nios2eds/bin/gnu/h-x86_64-mingw32/bin/../lib/gcc/nios2-elf/4.9.1/../../../../../H-x86_64-mingw32/nios2-elf/lib\libm.a
END GROUP
LOAD c:/altera/15.0/qartussetupweb/nios2eds/bin/gnu/h-x86_64-mingw32/bin/../lib/gcc/nios2-elf/4.9.1\libgcc.a
                0x0000000002000000                __alt_mem_SDRAM = 0x2000000
                0x0000000004000000                __alt_mem_background_mem = 0x4000000
                0x0000000004004000                __alt_mem_pic_mem = 0x4004000

.entry          0x0000000002000000       0x20
 *(.entry)
 .entry         0x0000000002000000       0x20 ../FinalVersion_bsp//obj/HAL/src/crt0.o
                0x0000000002000000                __reset

.exceptions     0x0000000002000020      0x19c
                0x0000000002000020                PROVIDE (__ram_exceptions_start, ABSOLUTE (.))
                0x0000000002000020                . = ALIGN (0x20)
 *(.irq)
 *(.exceptions.entry.label)
 .exceptions.entry.label
                0x0000000002000020        0x0 ../FinalVersion_bsp/\libhal_bsp.a(alt_irq_entry.o)
                0x0000000002000020                alt_irq_entry
 .exceptions.entry.label
                0x0000000002000020        0x0 ../FinalVersion_bsp/\libhal_bsp.a(alt_exception_entry.o)
                0x0000000002000020                alt_exception
 *(.exceptions.entry.user)
 *(.exceptions.entry.ecc_fatal)
 *(.exceptions.entry)
 .exceptions.entry
                0x0000000002000020       0x54 ../FinalVersion_bsp/\libhal_bsp.a(alt_exception_entry.o)
 *(.exceptions.irqtest.user)
 *(.exceptions.irqtest)
 .exceptions.irqtest
                0x0000000002000074       0x10 ../FinalVersion_bsp/\libhal_bsp.a(alt_irq_entry.o)
 *(.exceptions.irqhandler.user)
 *(.exceptions.irqhandler)
 .exceptions.irqhandler
                0x0000000002000084        0x4 ../FinalVersion_bsp/\libhal_bsp.a(alt_irq_entry.o)
 *(.exceptions.irqreturn.user)
 *(.exceptions.irqreturn)
 .exceptions.irqreturn
                0x0000000002000088        0x4 ../FinalVersion_bsp/\libhal_bsp.a(alt_irq_entry.o)
 *(.exceptions.notirq.label)
 .exceptions.notirq.label
                0x000000000200008c        0x0 ../FinalVersion_bsp/\libhal_bsp.a(alt_irq_entry.o)
 *(.exceptions.notirq.user)
 *(.exceptions.notirq)
 .exceptions.notirq
                0x000000000200008c        0x8 ../FinalVersion_bsp/\libhal_bsp.a(alt_exception_entry.o)
 *(.exceptions.soft.user)
 *(.exceptions.soft)
 *(.exceptions.unknown.user)
 *(.exceptions.unknown)
 .exceptions.unknown
                0x0000000002000094        0x4 ../FinalVersion_bsp/\libhal_bsp.a(alt_exception_entry.o)
 *(.exceptions.exit.label)
 .exceptions.exit.label
                0x0000000002000098        0x0 ../FinalVersion_bsp/\libhal_bsp.a(alt_irq_entry.o)
 .exceptions.exit.label
                0x0000000002000098        0x0 ../FinalVersion_bsp/\libhal_bsp.a(alt_exception_entry.o)
 *(.exceptions.exit.user)
 *(.exceptions.exit)
 .exceptions.exit
                0x0000000002000098       0x54 ../FinalVersion_bsp/\libhal_bsp.a(alt_exception_entry.o)
 *(.exceptions)
 .exceptions    0x00000000020000ec       0xd0 ../FinalVersion_bsp/\libhal_bsp.a(alt_irq_handler.o)
                0x00000000020000ec                alt_irq_handler
                0x00000000020001bc                PROVIDE (__ram_exceptions_end, ABSOLUTE (.))
                0x0000000002000020                PROVIDE (__flash_exceptions_start, LOADADDR (.exceptions))

.text           0x00000000020001bc    0x18ab4
                0x00000000020001bc                PROVIDE (stext, ABSOLUTE (.))
 *(.interp)
 *(.hash)
 *(.dynsym)
 *(.dynstr)
 *(.gnu.version)
 *(.gnu.version_d)
 *(.gnu.version_r)
 *(.rel.init)
 *(.rela.init)
 *(.rel.text .rel.text.* .rel.gnu.linkonce.t.*)
 *(.rela.text .rela.text.* .rela.gnu.linkonce.t.*)
 *(.rel.fini)
 *(.rela.fini)
 *(.rel.rodata .rel.rodata.* .rel.gnu.linkonce.r.*)
 *(.rela.rodata .rela.rodata.* .rela.gnu.linkonce.r.*)
 *(.rel.data .rel.data.* .rel.gnu.linkonce.d.*)
 *(.rela.data .rela.data.* .rela.gnu.linkonce.d.*)
 *(.rel.tdata .rel.tdata.* .rel.gnu.linkonce.td.*)
 *(.rela.tdata .rela.tdata.* .rela.gnu.linkonce.td.*)
 *(.rel.tbss .rel.tbss.* .rel.gnu.linkonce.tb.*)
 *(.rela.tbss .rela.tbss.* .rela.gnu.linkonce.tb.*)
 *(.rel.ctors)
 *(.rela.ctors)
 *(.rel.dtors)
 *(.rela.dtors)
 *(.rel.got)
 *(.rela.got)
 *(.rel.sdata .rel.sdata.* .rel.gnu.linkonce.s.*)
 *(.rela.sdata .rela.sdata.* .rela.gnu.linkonce.s.*)
 *(.rel.sbss .rel.sbss.* .rel.gnu.linkonce.sb.*)
 *(.rela.sbss .rela.sbss.* .rela.gnu.linkonce.sb.*)
 *(.rel.sdata2 .rel.sdata2.* .rel.gnu.linkonce.s2.*)
 *(.rela.sdata2 .rela.sdata2.* .rela.gnu.linkonce.s2.*)
 *(.rel.sbss2 .rel.sbss2.* .rel.gnu.linkonce.sb2.*)
 *(.rela.sbss2 .rela.sbss2.* .rela.gnu.linkonce.sb2.*)
 *(.rel.bss .rel.bss.* .rel.gnu.linkonce.b.*)
 *(.rela.bss .rela.bss.* .rela.gnu.linkonce.b.*)
 *(.rel.plt)
 *(.rela.plt)
 *(.rel.dyn)
 *(.init)
 *(.plt)
 *(.text .stub .text.* .gnu.linkonce.t.*)
 .text          0x00000000020001bc       0x4c ../FinalVersion_bsp//obj/HAL/src/crt0.o
                0x00000000020001bc                _start
 .text          0x0000000002000208      0x934 obj/default/demo/gui.o
                0x0000000002000208                GUI_ShowWelcome
                0x00000000020002d8                GUI_ShowInfo
                0x0000000002000338                GUI_ShowTouchPoint
                0x0000000002000390                GUI_DeskInit
                0x0000000002000564                GUI_CheckButton
                0x00000000020005f4                GUI_DeskDraw
                0x0000000002000810                IsContinuedPoint
                0x00000000020008a4                GUI_ClearPaintArea
                0x0000000002000920                GUI
 .text          0x0000000002000b3c      0x7cc obj/default/demo/gui_vpg.o
                0x0000000002000b3c                ShowInfo
                0x0000000002000b9c                VPG_XLine
                0x0000000002000bc0                VPG_ColorPanel
                0x0000000002000c70                VPG_Grid
                0x0000000002000d6c                VPG_VGrid
                0x0000000002000e50                VPG_HGrid
                0x0000000002000f34                VPG_ColorBar
                0x00000000020010e4                GUI_ShowPAT
                0x0000000002001260                GUI_VPG
 .text          0x0000000002001308        0x0 obj/default/fonts/tahomabold_20.o
 .text          0x0000000002001308        0x0 obj/default/fonts/tahomabold_32.o
 .text          0x0000000002001308      0xae8 obj/default/graphic_lib/ILI9341.o
                0x0000000002001308                Delay_Ms
                0x0000000002001354                LCD_SetCursor
                0x0000000002001408                LCD_Clear
                0x0000000002001488                LCD_DrawPoint
                0x00000000020014f4                LCD_Init
                0x0000000002001b60                LCD_Pattern_Horizon
                0x0000000002001c98                LCD_Pattern_Vertical
                0x0000000002001d78                Set_BUFFER_FLAG
                0x0000000002001db4                Clr_BUFFER_FLAG
 .text          0x0000000002001df0      0x3f4 obj/default/graphic_lib/geometry.o
                0x0000000002001df0                IsPtInRect
                0x0000000002001e74                PtSet
                0x0000000002001eb4                RectSet
                0x0000000002001f10                RectInflate
                0x0000000002001f98                RectOffset
                0x0000000002002020                RectCopy
                0x0000000002002084                RectWidth
                0x00000000020020b8                RectHeight
                0x00000000020020ec                PtDistance
                0x00000000020021a0                PtCopy
 .text          0x00000000020021e4     0x2654 obj/default/graphic_lib/simple_graphics.o
                0x00000000020021e4                vid_clean_screen
                0x0000000002002240                vid_draw_line
                0x0000000002002304                vid_scroll_string_quit
                0x0000000002002344                vid_scroll_string_init
                0x0000000002002498                vid_scroll_string
                0x0000000002002808                vid_move_block
                0x0000000002002924                vid_print_string
                0x0000000002002a2c                vid_draw_box
                0x0000000002002b74                vid_print_char
                0x0000000002002c64                vid_set_pixel
                0x0000000002002d00                vid_get_pixel
                0x0000000002002d40                vid_paint_block
                0x0000000002002dd4                vid_draw_horiz_line
                0x0000000002002e4c                vid_merge_colors
                0x0000000002002e98                vid_color_convert24_16
                0x0000000002002f38                vid_color_convert16_24
                0x0000000002002fa4                vid_copy_line_to_frame_buffer
                0x0000000002002fe8                vid_draw_sloped_line
                0x0000000002003250                vid_draw_circle
                0x000000000200338c                vid_draw_round_corner_box
                0x0000000002003728                vid_round_corner_points
                0x0000000002003e60                max3
                0x0000000002003eb4                min3
                0x0000000002003f08                max_diff3
                0x0000000002003f6c                vid_put_pixel_in_span_map
                0x000000000200406c                vid_bres_scan_edges
                0x00000000020042ac                vid_draw_triangle
                0x0000000002004624                CopyImage16
                0x0000000002004708                CropImage16
 .text          0x0000000002004838      0x9f8 obj/default/graphic_lib/simple_text.o
                0x0000000002004838                vid_print_string_alpha
                0x0000000002004a94                seperate_color_channels
                0x0000000002004bdc                merge_color_channels
                0x0000000002004d0c                read_from_frame
                0x0000000002004d50                alpha_blending
                0x0000000002004f9c                vid_print_char_alpha
                0x0000000002005150                vid_string_pixel_length_alpha
 .text          0x0000000002005230       0xc4 obj/default/main.o
                0x0000000002005230                main
 .text          0x00000000020052f4      0xa38 obj/default/terasic_lib/touch_spi.o
                0x00000000020052f4                Touch_Init
                0x0000000002005468                Touch_UnInit
                0x00000000020054d0                Touch_EmptyFifo
                0x0000000002005508                Touch_GetXY
                0x0000000002005650                touch_isr
                0x00000000020056c4                touch_empty_fifo
                0x00000000020056f4                touch_is_pen_pressed
                0x0000000002005734                touch_enable_penirq
                0x0000000002005894                touch_clear_input
                0x00000000020058c4                touch_get_xy
                0x0000000002005bdc                touch_alarm_callback
                0x0000000002005c54                touch_xy_transform
 .text          0x0000000002005d2c      0x968 obj/default/thats_my_gui.o
                0x0000000002005d2c                my_GUI_ShowWelcome
                0x0000000002005e24                Set_Menu
                0x0000000002005f4c                Finish
                0x0000000002006054                Draw_Menu
                0x00000000020061f4                my_GUI
 .text          0x0000000002006694      0x130 c:/altera/15.0/qartussetupweb/nios2eds/bin/gnu/h-x86_64-mingw32/bin/../lib/gcc/nios2-elf/4.9.1/../../../../../H-x86_64-mingw32/nios2-elf/lib\libm.a(lib_a-w_sqrt.o)
                0x0000000002006694                sqrt
 .text          0x00000000020067c4      0x294 c:/altera/15.0/qartussetupweb/nios2eds/bin/gnu/h-x86_64-mingw32/bin/../lib/gcc/nios2-elf/4.9.1/../../../../../H-x86_64-mingw32/nios2-elf/lib\libm.a(lib_a-e_sqrt.o)
                0x00000000020067c4                __ieee754_sqrt
 .text          0x0000000002006a58       0x74 c:/altera/15.0/qartussetupweb/nios2eds/bin/gnu/h-x86_64-mingw32/bin/../lib/gcc/nios2-elf/4.9.1/../../../../../H-x86_64-mingw32/nios2-elf/lib\libm.a(lib_a-s_fpclassify.o)
                0x0000000002006a58                __fpclassifyd
 .text          0x0000000002006acc        0x0 c:/altera/15.0/qartussetupweb/nios2eds/bin/gnu/h-x86_64-mingw32/bin/../lib/gcc/nios2-elf/4.9.1/../../../../../H-x86_64-mingw32/nios2-elf/lib\libm.a(lib_a-s_lib_ver.o)
 .text          0x0000000002006acc        0x8 c:/altera/15.0/qartussetupweb/nios2eds/bin/gnu/h-x86_64-mingw32/bin/../lib/gcc/nios2-elf/4.9.1/../../../../../H-x86_64-mingw32/nios2-elf/lib\libm.a(lib_a-s_matherr.o)
                0x0000000002006acc                matherr
 .text          0x0000000002006ad4      0x12c c:/altera/15.0/qartussetupweb/nios2eds/bin/gnu/h-x86_64-mingw32/bin/../lib/gcc/nios2-elf/4.9.1\libgcc.a(lib2-divmod.o)
                0x0000000002006b40                __divsi3
                0x0000000002006b94                __modsi3
                0x0000000002006bf0                __udivsi3
                0x0000000002006bf8                __umodsi3
 .text          0x0000000002006c00      0x89c c:/altera/15.0/qartussetupweb/nios2eds/bin/gnu/h-x86_64-mingw32/bin/../lib/gcc/nios2-elf/4.9.1\libgcc.a(adddf3.o)
                0x0000000002006c00                __adddf3
 .text          0x000000000200749c      0x8cc c:/altera/15.0/qartussetupweb/nios2eds/bin/gnu/h-x86_64-mingw32/bin/../lib/gcc/nios2-elf/4.9.1\libgcc.a(divdf3.o)
                0x000000000200749c                __divdf3
 .text          0x0000000002007d68       0xe0 c:/altera/15.0/qartussetupweb/nios2eds/bin/gnu/h-x86_64-mingw32/bin/../lib/gcc/nios2-elf/4.9.1\libgcc.a(gedf2.o)
                0x0000000002007d68                __gedf2
                0x0000000002007d68                __gtdf2
 .text          0x0000000002007e48       0xe0 c:/altera/15.0/qartussetupweb/nios2eds/bin/gnu/h-x86_64-mingw32/bin/../lib/gcc/nios2-elf/4.9.1\libgcc.a(ledf2.o)
                0x0000000002007e48                __ledf2
                0x0000000002007e48                __ltdf2
 .text          0x0000000002007f28      0x724 c:/altera/15.0/qartussetupweb/nios2eds/bin/gnu/h-x86_64-mingw32/bin/../lib/gcc/nios2-elf/4.9.1\libgcc.a(muldf3.o)
                0x0000000002007f28                __muldf3
 .text          0x000000000200864c      0x8d0 c:/altera/15.0/qartussetupweb/nios2eds/bin/gnu/h-x86_64-mingw32/bin/../lib/gcc/nios2-elf/4.9.1\libgcc.a(subdf3.o)
                0x000000000200864c                __subdf3
 .text          0x0000000002008f1c       0x88 c:/altera/15.0/qartussetupweb/nios2eds/bin/gnu/h-x86_64-mingw32/bin/../lib/gcc/nios2-elf/4.9.1\libgcc.a(fixdfsi.o)
                0x0000000002008f1c                __fixdfsi
 .text          0x0000000002008fa4       0xd0 c:/altera/15.0/qartussetupweb/nios2eds/bin/gnu/h-x86_64-mingw32/bin/../lib/gcc/nios2-elf/4.9.1\libgcc.a(floatsidf.o)
                0x0000000002008fa4                __floatsidf
 .text          0x0000000002009074       0x64 c:/altera/15.0/qartussetupweb/nios2eds/bin/gnu/h-x86_64-mingw32/bin/../lib/gcc/nios2-elf/4.9.1\libgcc.a(_clzsi2.o)
                0x0000000002009074                __clzsi2
 .text          0x00000000020090d8        0x0 c:/altera/15.0/qartussetupweb/nios2eds/bin/gnu/h-x86_64-mingw32/bin/../lib/gcc/nios2-elf/4.9.1\libgcc.a(_clz.o)
 .text          0x00000000020090d8       0x10 c:/altera/15.0/qartussetupweb/nios2eds/bin/gnu/h-x86_64-mingw32/bin/../lib/gcc/nios2-elf/4.9.1/../../../../../H-x86_64-mingw32/nios2-elf/lib\libc.a(lib_a-errno.o)
                0x00000000020090d8                __errno
 .text          0x00000000020090e8        0x0 c:/altera/15.0/qartussetupweb/nios2eds/bin/gnu/h-x86_64-mingw32/bin/../lib/gcc/nios2-elf/4.9.1/../../../../../H-x86_64-mingw32/nios2-elf/lib\libc.a(lib_a-impure.o)
 .text          0x00000000020090e8       0x28 c:/altera/15.0/qartussetupweb/nios2eds/bin/gnu/h-x86_64-mingw32/bin/../lib/gcc/nios2-elf/4.9.1/../../../../../H-x86_64-mingw32/nios2-elf/lib\libc.a(lib_a-malloc.o)
                0x00000000020090e8                malloc
                0x00000000020090fc                free
 .text          0x0000000002009110      0x7a8 c:/altera/15.0/qartussetupweb/nios2eds/bin/gnu/h-x86_64-mingw32/bin/../lib/gcc/nios2-elf/4.9.1/../../../../../H-x86_64-mingw32/nios2-elf/lib\libc.a(lib_a-mallocr.o)
                0x0000000002009110                _malloc_r
 .text          0x00000000020098b8      0x138 c:/altera/15.0/qartussetupweb/nios2eds/bin/gnu/h-x86_64-mingw32/bin/../lib/gcc/nios2-elf/4.9.1/../../../../../H-x86_64-mingw32/nios2-elf/lib\libc.a(lib_a-memcpy.o)
                0x00000000020098b8                memcpy
 .text          0x00000000020099f0      0x124 c:/altera/15.0/qartussetupweb/nios2eds/bin/gnu/h-x86_64-mingw32/bin/../lib/gcc/nios2-elf/4.9.1/../../../../../H-x86_64-mingw32/nios2-elf/lib\libc.a(lib_a-memset.o)
                0x00000000020099f0                memset
 .text          0x0000000002009b14       0x68 c:/altera/15.0/qartussetupweb/nios2eds/bin/gnu/h-x86_64-mingw32/bin/../lib/gcc/nios2-elf/4.9.1/../../../../../H-x86_64-mingw32/nios2-elf/lib\libc.a(lib_a-printf.o)
                0x0000000002009b14                _printf_r
                0x0000000002009b40                printf
 .text          0x0000000002009b7c       0xcc c:/altera/15.0/qartussetupweb/nios2eds/bin/gnu/h-x86_64-mingw32/bin/../lib/gcc/nios2-elf/4.9.1/../../../../../H-x86_64-mingw32/nios2-elf/lib\libc.a(lib_a-puts.o)
                0x0000000002009b7c                _puts_r
                0x0000000002009c34                puts
 .text          0x0000000002009c48       0x54 c:/altera/15.0/qartussetupweb/nios2eds/bin/gnu/h-x86_64-mingw32/bin/../lib/gcc/nios2-elf/4.9.1/../../../../../H-x86_64-mingw32/nios2-elf/lib\libc.a(lib_a-sbrkr.o)
                0x0000000002009c48                _sbrk_r
 .text          0x0000000002009c9c       0xc4 c:/altera/15.0/qartussetupweb/nios2eds/bin/gnu/h-x86_64-mingw32/bin/../lib/gcc/nios2-elf/4.9.1/../../../../../H-x86_64-mingw32/nios2-elf/lib\libc.a(lib_a-sprintf.o)
                0x0000000002009c9c                _sprintf_r
                0x0000000002009cf4                sprintf
 .text          0x0000000002009d60       0x90 c:/altera/15.0/qartussetupweb/nios2eds/bin/gnu/h-x86_64-mingw32/bin/../lib/gcc/nios2-elf/4.9.1/../../../../../H-x86_64-mingw32/nios2-elf/lib\libc.a(lib_a-strcpy.o)
                0x0000000002009d60                strcpy
 .text          0x0000000002009df0       0x98 c:/altera/15.0/qartussetupweb/nios2eds/bin/gnu/h-x86_64-mingw32/bin/../lib/gcc/nios2-elf/4.9.1/../../../../../H-x86_64-mingw32/nios2-elf/lib\libc.a(lib_a-strlen.o)
                0x0000000002009df0                strlen
 .text          0x0000000002009e88     0x1f90 c:/altera/15.0/qartussetupweb/nios2eds/bin/gnu/h-x86_64-mingw32/bin/../lib/gcc/nios2-elf/4.9.1/../../../../../H-x86_64-mingw32/nios2-elf/lib\libc.a(lib_a-svfprintf.o)
                0x0000000002009e88                ___svfprintf_internal_r
 .text          0x000000000200be18     0x2020 c:/altera/15.0/qartussetupweb/nios2eds/bin/gnu/h-x86_64-mingw32/bin/../lib/gcc/nios2-elf/4.9.1/../../../../../H-x86_64-mingw32/nios2-elf/lib\libc.a(lib_a-vfprintf.o)
                0x000000000200be18                ___vfprintf_internal_r
                0x000000000200de14                __vfprintf_internal
 .text          0x000000000200de38      0x130 c:/altera/15.0/qartussetupweb/nios2eds/bin/gnu/h-x86_64-mingw32/bin/../lib/gcc/nios2-elf/4.9.1/../../../../../H-x86_64-mingw32/nios2-elf/lib\libc.a(lib_a-wsetup.o)
                0x000000000200de38                __swsetup_r
 .text          0x000000000200df68     0x1928 c:/altera/15.0/qartussetupweb/nios2eds/bin/gnu/h-x86_64-mingw32/bin/../lib/gcc/nios2-elf/4.9.1/../../../../../H-x86_64-mingw32/nios2-elf/lib\libc.a(lib_a-dtoa.o)
                0x000000000200e168                _dtoa_r
 .text          0x000000000200f890      0x258 c:/altera/15.0/qartussetupweb/nios2eds/bin/gnu/h-x86_64-mingw32/bin/../lib/gcc/nios2-elf/4.9.1/../../../../../H-x86_64-mingw32/nios2-elf/lib\libc.a(lib_a-fflush.o)
                0x000000000200f890                _fflush_r
                0x000000000200fab8                fflush
 .text          0x000000000200fae8      0x3a0 c:/altera/15.0/qartussetupweb/nios2eds/bin/gnu/h-x86_64-mingw32/bin/../lib/gcc/nios2-elf/4.9.1/../../../../../H-x86_64-mingw32/nios2-elf/lib\libc.a(lib_a-findfp.o)
                0x000000000200faf8                _cleanup_r
                0x000000000200fca4                __sfmoreglue
                0x000000000200fd08                __sfp
                0x000000000200fe20                _cleanup
                0x000000000200fe38                __sinit
                0x000000000200fe48                __sfp_lock_acquire
                0x000000000200fe4c                __sfp_lock_release
                0x000000000200fe50                __sinit_lock_acquire
                0x000000000200fe54                __sinit_lock_release
                0x000000000200fe58                __fp_lock_all
                0x000000000200fe70                __fp_unlock_all
 .text          0x000000000200fe88      0x414 c:/altera/15.0/qartussetupweb/nios2eds/bin/gnu/h-x86_64-mingw32/bin/../lib/gcc/nios2-elf/4.9.1/../../../../../H-x86_64-mingw32/nios2-elf/lib\libc.a(lib_a-freer.o)
                0x000000000200fe88                _malloc_trim_r
                0x000000000200ffac                _free_r
 .text          0x000000000201029c      0x4a4 c:/altera/15.0/qartussetupweb/nios2eds/bin/gnu/h-x86_64-mingw32/bin/../lib/gcc/nios2-elf/4.9.1/../../../../../H-x86_64-mingw32/nios2-elf/lib\libc.a(lib_a-fvwrite.o)
                0x000000000201029c                __sfvwrite_r
 .text          0x0000000002010740      0x170 c:/altera/15.0/qartussetupweb/nios2eds/bin/gnu/h-x86_64-mingw32/bin/../lib/gcc/nios2-elf/4.9.1/../../../../../H-x86_64-mingw32/nios2-elf/lib\libc.a(lib_a-fwalk.o)
                0x0000000002010740                _fwalk
                0x00000000020107f8                _fwalk_reent
 .text          0x00000000020108b0        0x0 c:/altera/15.0/qartussetupweb/nios2eds/bin/gnu/h-x86_64-mingw32/bin/../lib/gcc/nios2-elf/4.9.1/../../../../../H-x86_64-mingw32/nios2-elf/lib\libc.a(lib_a-int_errno.o)
 .text          0x00000000020108b0       0xe0 c:/altera/15.0/qartussetupweb/nios2eds/bin/gnu/h-x86_64-mingw32/bin/../lib/gcc/nios2-elf/4.9.1/../../../../../H-x86_64-mingw32/nios2-elf/lib\libc.a(lib_a-locale.o)
                0x00000000020108b0                _setlocale_r
                0x000000000201092c                __locale_charset
                0x0000000002010938                __locale_mb_cur_max
                0x0000000002010948                __locale_msgcharset
                0x0000000002010954                __locale_cjk_lang
                0x000000000201095c                _localeconv_r
                0x0000000002010968                setlocale
                0x0000000002010984                localeconv
 .text          0x0000000002010990      0x1b8 c:/altera/15.0/qartussetupweb/nios2eds/bin/gnu/h-x86_64-mingw32/bin/../lib/gcc/nios2-elf/4.9.1/../../../../../H-x86_64-mingw32/nios2-elf/lib\libc.a(lib_a-makebuf.o)
                0x0000000002010990                __smakebuf_r
 .text          0x0000000002010b48       0xe8 c:/altera/15.0/qartussetupweb/nios2eds/bin/gnu/h-x86_64-mingw32/bin/../lib/gcc/nios2-elf/4.9.1/../../../../../H-x86_64-mingw32/nios2-elf/lib\libc.a(lib_a-memchr.o)
                0x0000000002010b48                memchr
 .text          0x0000000002010c30      0x15c c:/altera/15.0/qartussetupweb/nios2eds/bin/gnu/h-x86_64-mingw32/bin/../lib/gcc/nios2-elf/4.9.1/../../../../../H-x86_64-mingw32/nios2-elf/lib\libc.a(lib_a-memmove.o)
                0x0000000002010c30                memmove
 .text          0x0000000002010d8c      0xf8c c:/altera/15.0/qartussetupweb/nios2eds/bin/gnu/h-x86_64-mingw32/bin/../lib/gcc/nios2-elf/4.9.1/../../../../../H-x86_64-mingw32/nios2-elf/lib\libc.a(lib_a-mprec.o)
                0x0000000002010d8c                _Balloc
                0x0000000002010e34                _Bfree
                0x0000000002010e5c                __multadd
                0x0000000002010f70                __s2b
                0x0000000002011074                __hi0bits
                0x00000000020110dc                __lo0bits
                0x000000000201118c                __i2b
                0x00000000020111c8                __multiply
                0x00000000020113c4                __pow5mult
                0x0000000002011504                __lshift
                0x000000000201164c                __mcmp
                0x00000000020116ac                __mdiff
                0x0000000002011844                __ulp
                0x00000000020118a4                __b2d
                0x00000000020119c0                __d2b
                0x0000000002011afc                __ratio
                0x0000000002011ba0                _mprec_log10
                0x0000000002011c14                __copybits
                0x0000000002011c8c                __any_on
 .text          0x0000000002011d18      0x5a0 c:/altera/15.0/qartussetupweb/nios2eds/bin/gnu/h-x86_64-mingw32/bin/../lib/gcc/nios2-elf/4.9.1/../../../../../H-x86_64-mingw32/nios2-elf/lib\libc.a(lib_a-reallocr.o)
                0x0000000002011d18                _realloc_r
 .text          0x00000000020122b8      0x13c c:/altera/15.0/qartussetupweb/nios2eds/bin/gnu/h-x86_64-mingw32/bin/../lib/gcc/nios2-elf/4.9.1/../../../../../H-x86_64-mingw32/nios2-elf/lib\libc.a(lib_a-stdio.o)
                0x00000000020122b8                __sread
                0x000000000201230c                __seofread
                0x0000000002012314                __swrite
                0x0000000002012390                __sseek
                0x00000000020123ec                __sclose
 .text          0x00000000020123f4       0xa4 c:/altera/15.0/qartussetupweb/nios2eds/bin/gnu/h-x86_64-mingw32/bin/../lib/gcc/nios2-elf/4.9.1/../../../../../H-x86_64-mingw32/nios2-elf/lib\libc.a(lib_a-strcmp.o)
                0x00000000020123f4                strcmp
 .text          0x0000000002012498     0x1230 c:/altera/15.0/qartussetupweb/nios2eds/bin/gnu/h-x86_64-mingw32/bin/../lib/gcc/nios2-elf/4.9.1/../../../../../H-x86_64-mingw32/nios2-elf/lib\libc.a(lib_a-svfiprintf.o)
                0x0000000002012498                __ssprint_r
                0x0000000002012660                ___svfiprintf_internal_r
 .text          0x00000000020136c8     0x1494 c:/altera/15.0/qartussetupweb/nios2eds/bin/gnu/h-x86_64-mingw32/bin/../lib/gcc/nios2-elf/4.9.1/../../../../../H-x86_64-mingw32/nios2-elf/lib\libc.a(lib_a-vfiprintf.o)
                0x00000000020137c4                __sprint_r
                0x00000000020137dc                ___vfiprintf_internal_r
                0x0000000002014b38                __vfiprintf_internal
 .text          0x0000000002014b5c       0x5c c:/altera/15.0/qartussetupweb/nios2eds/bin/gnu/h-x86_64-mingw32/bin/../lib/gcc/nios2-elf/4.9.1/../../../../../H-x86_64-mingw32/nios2-elf/lib\libc.a(lib_a-writer.o)
                0x0000000002014b5c                _write_r
 .text          0x0000000002014bb8       0x54 c:/altera/15.0/qartussetupweb/nios2eds/bin/gnu/h-x86_64-mingw32/bin/../lib/gcc/nios2-elf/4.9.1/../../../../../H-x86_64-mingw32/nios2-elf/lib\libc.a(closer.o)
                0x0000000002014bb8                _close_r
 .text          0x0000000002014c0c       0xc4 c:/altera/15.0/qartussetupweb/nios2eds/bin/gnu/h-x86_64-mingw32/bin/../lib/gcc/nios2-elf/4.9.1/../../../../../H-x86_64-mingw32/nios2-elf/lib\libc.a(lib_a-callocr.o)
                0x0000000002014c0c                _calloc_r
 .text          0x0000000002014cd0      0x114 c:/altera/15.0/qartussetupweb/nios2eds/bin/gnu/h-x86_64-mingw32/bin/../lib/gcc/nios2-elf/4.9.1/../../../../../H-x86_64-mingw32/nios2-elf/lib\libc.a(lib_a-fclose.o)
                0x0000000002014cd0                _fclose_r
                0x0000000002014dd0                fclose
 .text          0x0000000002014de4      0x1dc c:/altera/15.0/qartussetupweb/nios2eds/bin/gnu/h-x86_64-mingw32/bin/../lib/gcc/nios2-elf/4.9.1/../../../../../H-x86_64-mingw32/nios2-elf/lib\libc.a(lib_a-fputwc.o)
                0x0000000002014de4                _fputwc_r
                0x0000000002014f68                fputwc
 .text          0x0000000002014fc0       0x58 c:/altera/15.0/qartussetupweb/nios2eds/bin/gnu/h-x86_64-mingw32/bin/../lib/gcc/nios2-elf/4.9.1/../../../../../H-x86_64-mingw32/nios2-elf/lib\libc.a(lib_a-fstatr.o)
                0x0000000002014fc0                _fstat_r
 .text          0x0000000002015018       0x54 c:/altera/15.0/qartussetupweb/nios2eds/bin/gnu/h-x86_64-mingw32/bin/../lib/gcc/nios2-elf/4.9.1/../../../../../H-x86_64-mingw32/nios2-elf/lib\libc.a(lib_a-isattyr.o)
                0x0000000002015018                _isatty_r
 .text          0x000000000201506c       0x5c c:/altera/15.0/qartussetupweb/nios2eds/bin/gnu/h-x86_64-mingw32/bin/../lib/gcc/nios2-elf/4.9.1/../../../../../H-x86_64-mingw32/nios2-elf/lib\libc.a(lib_a-lseekr.o)
                0x000000000201506c                _lseek_r
 .text          0x00000000020150c8       0x5c c:/altera/15.0/qartussetupweb/nios2eds/bin/gnu/h-x86_64-mingw32/bin/../lib/gcc/nios2-elf/4.9.1/../../../../../H-x86_64-mingw32/nios2-elf/lib\libc.a(lib_a-readr.o)
                0x00000000020150c8                _read_r
 .text          0x0000000002015124      0x170 c:/altera/15.0/qartussetupweb/nios2eds/bin/gnu/h-x86_64-mingw32/bin/../lib/gcc/nios2-elf/4.9.1/../../../../../H-x86_64-mingw32/nios2-elf/lib\libc.a(lib_a-wbuf.o)
                0x0000000002015124                __swbuf_r
                0x0000000002015278                __swbuf
 .text          0x0000000002015294      0x174 c:/altera/15.0/qartussetupweb/nios2eds/bin/gnu/h-x86_64-mingw32/bin/../lib/gcc/nios2-elf/4.9.1/../../../../../H-x86_64-mingw32/nios2-elf/lib\libc.a(lib_a-wcrtomb.o)
                0x0000000002015294                _wcrtomb_r
                0x0000000002015330                wcrtomb
 .text          0x0000000002015408       0x8c c:/altera/15.0/qartussetupweb/nios2eds/bin/gnu/h-x86_64-mingw32/bin/../lib/gcc/nios2-elf/4.9.1/../../../../../H-x86_64-mingw32/nios2-elf/lib\libc.a(lib_a-wctomb_r.o)
                0x0000000002015408                __ascii_wctomb
                0x0000000002015438                _wctomb_r
 .text          0x0000000002015494      0x5c0 c:/altera/15.0/qartussetupweb/nios2eds/bin/gnu/h-x86_64-mingw32/bin/../lib/gcc/nios2-elf/4.9.1\libgcc.a(_udivdi3.o)
                0x0000000002015494                __udivdi3
 .text          0x0000000002015a54      0x590 c:/altera/15.0/qartussetupweb/nios2eds/bin/gnu/h-x86_64-mingw32/bin/../lib/gcc/nios2-elf/4.9.1\libgcc.a(_umoddi3.o)
                0x0000000002015a54                __umoddi3
 .text          0x0000000002015fe4       0x84 c:/altera/15.0/qartussetupweb/nios2eds/bin/gnu/h-x86_64-mingw32/bin/../lib/gcc/nios2-elf/4.9.1\libgcc.a(eqdf2.o)
                0x0000000002015fe4                __nedf2
                0x0000000002015fe4                __eqdf2
 .text          0x0000000002016068       0xa4 c:/altera/15.0/qartussetupweb/nios2eds/bin/gnu/h-x86_64-mingw32/bin/../lib/gcc/nios2-elf/4.9.1\libgcc.a(floatunsidf.o)
                0x0000000002016068                __floatunsidf
 .text          0x000000000201610c      0x140 ../FinalVersion_bsp/\libhal_bsp.a(alt_alarm_start.o)
                0x000000000201610c                alt_alarm_start
 .text          0x000000000201624c      0x120 ../FinalVersion_bsp/\libhal_bsp.a(alt_close.o)
                0x000000000201629c                close
 .text          0x000000000201636c       0x2c ../FinalVersion_bsp/\libhal_bsp.a(alt_dev.o)
 .text          0x0000000002016398        0x0 ../FinalVersion_bsp/\libhal_bsp.a(alt_errno.o)
 .text          0x0000000002016398      0x100 ../FinalVersion_bsp/\libhal_bsp.a(alt_fstat.o)
                0x00000000020163e8                fstat
 .text          0x0000000002016498      0x1e0 ../FinalVersion_bsp/\libhal_bsp.a(alt_iic.o)
                0x0000000002016498                alt_ic_isr_register
                0x00000000020164e8                alt_ic_irq_enable
                0x0000000002016588                alt_ic_irq_disable
                0x000000000201662c                alt_ic_irq_enabled
 .text          0x0000000002016678       0xf0 ../FinalVersion_bsp/\libhal_bsp.a(alt_iic_isr_register.o)
                0x0000000002016678                alt_iic_isr_register
 .text          0x0000000002016768        0x0 ../FinalVersion_bsp/\libhal_bsp.a(alt_irq_entry.o)
 .text          0x0000000002016768        0x0 ../FinalVersion_bsp/\libhal_bsp.a(alt_irq_handler.o)
 .text          0x0000000002016768        0x0 ../FinalVersion_bsp/\libhal_bsp.a(alt_irq_vars.o)
 .text          0x0000000002016768       0xf4 ../FinalVersion_bsp/\libhal_bsp.a(alt_isatty.o)
                0x00000000020167b8                isatty
 .text          0x000000000201685c       0xe4 ../FinalVersion_bsp/\libhal_bsp.a(alt_load.o)
                0x00000000020168c0                alt_load
 .text          0x0000000002016940      0x124 ../FinalVersion_bsp/\libhal_bsp.a(alt_lseek.o)
                0x0000000002016990                lseek
 .text          0x0000000002016a64       0x78 ../FinalVersion_bsp/\libhal_bsp.a(alt_main.o)
                0x0000000002016a64                alt_main
 .text          0x0000000002016adc       0x40 ../FinalVersion_bsp/\libhal_bsp.a(alt_malloc_lock.o)
                0x0000000002016adc                __malloc_lock
                0x0000000002016afc                __malloc_unlock
 .text          0x0000000002016b1c      0x14c ../FinalVersion_bsp/\libhal_bsp.a(alt_read.o)
                0x0000000002016b6c                read
 .text          0x0000000002016c68       0x60 ../FinalVersion_bsp/\libhal_bsp.a(alt_release_fd.o)
                0x0000000002016c68                alt_release_fd
 .text          0x0000000002016cc8       0xb0 ../FinalVersion_bsp/\libhal_bsp.a(alt_sbrk.o)
                0x0000000002016cc8                sbrk
 .text          0x0000000002016d78      0x19c ../FinalVersion_bsp/\libhal_bsp.a(alt_tick.o)
                0x0000000002016d78                alt_alarm_stop
                0x0000000002016e10                alt_tick
 .text          0x0000000002016f14       0x30 ../FinalVersion_bsp/\libhal_bsp.a(alt_usleep.o)
                0x0000000002016f14                usleep
 .text          0x0000000002016f44      0x148 ../FinalVersion_bsp/\libhal_bsp.a(alt_write.o)
                0x0000000002016f94                write
 .text          0x000000000201708c       0xcc ../FinalVersion_bsp/\libhal_bsp.a(alt_sys_init.o)
                0x00000000020170c4                alt_irq_init
                0x00000000020170f8                alt_sys_init
 .text          0x0000000002017158      0x164 ../FinalVersion_bsp/\libhal_bsp.a(altera_avalon_jtag_uart_fd.o)
                0x0000000002017158                altera_avalon_jtag_uart_read_fd
                0x00000000020171b8                altera_avalon_jtag_uart_write_fd
                0x0000000002017218                altera_avalon_jtag_uart_close_fd
                0x0000000002017268                altera_avalon_jtag_uart_ioctl_fd
 .text          0x00000000020172bc      0x3d8 ../FinalVersion_bsp/\libhal_bsp.a(altera_avalon_jtag_uart_init.o)
                0x00000000020172bc                altera_avalon_jtag_uart_init
                0x000000000201762c                altera_avalon_jtag_uart_close
 .text          0x0000000002017694       0xec ../FinalVersion_bsp/\libhal_bsp.a(altera_avalon_jtag_uart_ioctl.o)
                0x0000000002017694                altera_avalon_jtag_uart_ioctl
 .text          0x0000000002017780      0x20c ../FinalVersion_bsp/\libhal_bsp.a(altera_avalon_jtag_uart_read.o)
                0x0000000002017780                altera_avalon_jtag_uart_read
 .text          0x000000000201798c      0x218 ../FinalVersion_bsp/\libhal_bsp.a(altera_avalon_jtag_uart_write.o)
                0x000000000201798c                altera_avalon_jtag_uart_write
 .text          0x0000000002017ba4      0x204 ../FinalVersion_bsp/\libhal_bsp.a(altera_avalon_spi.o)
                0x0000000002017ba4                alt_avalon_spi_command
 .text          0x0000000002017da8       0xfc ../FinalVersion_bsp/\libhal_bsp.a(altera_avalon_timer_sc.o)
                0x0000000002017e1c                alt_avalon_timer_sc_init
 .text          0x0000000002017ea4      0x158 ../FinalVersion_bsp/\libhal_bsp.a(alt_busy_sleep.o)
                0x0000000002017ea4                alt_busy_sleep
 .text          0x0000000002017ffc       0x44 ../FinalVersion_bsp/\libhal_bsp.a(alt_dcache_flush_all.o)
                0x0000000002017ffc                alt_dcache_flush_all
 .text          0x0000000002018040       0xf4 ../FinalVersion_bsp/\libhal_bsp.a(alt_dev_llist_insert.o)
                0x0000000002018090                alt_dev_llist_insert
 .text          0x0000000002018134       0x5c ../FinalVersion_bsp/\libhal_bsp.a(alt_do_ctors.o)
                0x0000000002018134                _do_ctors
 .text          0x0000000002018190       0x5c ../FinalVersion_bsp/\libhal_bsp.a(alt_do_dtors.o)
                0x0000000002018190                _do_dtors
 .text          0x00000000020181ec        0x0 ../FinalVersion_bsp/\libhal_bsp.a(alt_exception_entry.o)
 .text          0x00000000020181ec       0x30 ../FinalVersion_bsp/\libhal_bsp.a(alt_icache_flush_all.o)
                0x00000000020181ec                alt_icache_flush_all
 .text          0x000000000201821c      0x138 ../FinalVersion_bsp/\libhal_bsp.a(alt_io_redirect.o)
                0x00000000020182dc                alt_io_redirect
 .text          0x0000000002018354      0x274 ../FinalVersion_bsp/\libhal_bsp.a(alt_open.o)
                0x0000000002018470                open
 .text          0x00000000020185c8       0x20 ../FinalVersion_bsp/\libhal_bsp.a(altera_nios2_qsys_irq.o)
                0x00000000020185c8                altera_nios2_qsys_irq_init
 .text          0x00000000020185e8       0x90 ../FinalVersion_bsp/\libhal_bsp.a(alt_find_dev.o)
                0x00000000020185e8                alt_find_dev
 .text          0x0000000002018678      0x114 ../FinalVersion_bsp/\libhal_bsp.a(alt_find_file.o)
                0x0000000002018678                alt_find_file
 .text          0x000000000201878c       0xb4 ../FinalVersion_bsp/\libhal_bsp.a(alt_get_fd.o)
                0x000000000201878c                alt_get_fd
 .text          0x0000000002018840       0x8c ../FinalVersion_bsp/\libhal_bsp.a(alt_icache_flush.o)
                0x0000000002018840                alt_icache_flush
 .text          0x00000000020188cc       0x14 c:/altera/15.0/qartussetupweb/nios2eds/bin/gnu/h-x86_64-mingw32/bin/../lib/gcc/nios2-elf/4.9.1/../../../../../H-x86_64-mingw32/nios2-elf/lib\libc.a(lib_a-atexit.o)
                0x00000000020188cc                atexit
 .text          0x00000000020188e0       0x38 c:/altera/15.0/qartussetupweb/nios2eds/bin/gnu/h-x86_64-mingw32/bin/../lib/gcc/nios2-elf/4.9.1/../../../../../H-x86_64-mingw32/nios2-elf/lib\libc.a(lib_a-exit.o)
                0x00000000020188e0                exit
 .text          0x0000000002018918       0x7c c:/altera/15.0/qartussetupweb/nios2eds/bin/gnu/h-x86_64-mingw32/bin/../lib/gcc/nios2-elf/4.9.1/../../../../../H-x86_64-mingw32/nios2-elf/lib\libc.a(lib_a-memcmp.o)
                0x0000000002018918                memcmp
 .text          0x0000000002018994      0x114 c:/altera/15.0/qartussetupweb/nios2eds/bin/gnu/h-x86_64-mingw32/bin/../lib/gcc/nios2-elf/4.9.1/../../../../../H-x86_64-mingw32/nios2-elf/lib\libc.a(lib_a-__atexit.o)
                0x0000000002018994                __register_exitproc
 .text          0x0000000002018aa8      0x194 c:/altera/15.0/qartussetupweb/nios2eds/bin/gnu/h-x86_64-mingw32/bin/../lib/gcc/nios2-elf/4.9.1/../../../../../H-x86_64-mingw32/nios2-elf/lib\libc.a(lib_a-__call_atexit.o)
                0x0000000002018aa8                __call_exitprocs
 .text          0x0000000002018c3c       0x34 ../FinalVersion_bsp/\libhal_bsp.a(alt_exit.o)
                0x0000000002018c3c                _exit
 *(.gnu.warning.*)
 *(.fini)
                0x0000000002018c70                PROVIDE (__etext, ABSOLUTE (.))
                0x0000000002018c70                PROVIDE (_etext, ABSOLUTE (.))
                0x0000000002018c70                PROVIDE (etext, ABSOLUTE (.))
 *(.eh_frame_hdr)
                0x0000000002018c70                . = ALIGN (0x4)
                0x0000000002018c70                PROVIDE (__preinit_array_start, ABSOLUTE (.))
 *(.preinit_array)
                0x0000000002018c70                PROVIDE (__preinit_array_end, ABSOLUTE (.))
                0x0000000002018c70                PROVIDE (__init_array_start, ABSOLUTE (.))
 *(.init_array)
                0x0000000002018c70                PROVIDE (__init_array_end, ABSOLUTE (.))
                0x0000000002018c70                PROVIDE (__fini_array_start, ABSOLUTE (.))
 *(.fini_array)
                0x0000000002018c70                PROVIDE (__fini_array_end, ABSOLUTE (.))
 *(.eh_frame)
 *(.gcc_except_table .gcc_except_table.*)
 *(.dynamic)
                0x0000000002018c70                PROVIDE (__CTOR_LIST__, ABSOLUTE (.))
 *(.ctors)
 *(SORT(.ctors.*))
                0x0000000002018c70                PROVIDE (__CTOR_END__, ABSOLUTE (.))
                0x0000000002018c70                PROVIDE (__DTOR_LIST__, ABSOLUTE (.))
 *(.dtors)
 *(SORT(.dtors.*))
                0x0000000002018c70                PROVIDE (__DTOR_END__, ABSOLUTE (.))
 *(.jcr)
                0x0000000002018c70                . = ALIGN (0x4)

.rodata         0x0000000002018c70    0x1a22c
                0x0000000002018c70                PROVIDE (__ram_rodata_start, ABSOLUTE (.))
                0x0000000002018c70                . = ALIGN (0x4)
 *(.rodata .rodata.* .gnu.linkonce.r.*)
 .rodata        0x0000000002018c70       0x2c obj/default/demo/gui.o
 .rodata        0x0000000002018c9c       0x34 obj/default/demo/gui_vpg.o
 .rodata        0x0000000002018cd0     0x77f2 obj/default/fonts/tahomabold_20.o
 .rodata        0x00000000020204c2    0x12520 obj/default/fonts/tahomabold_32.o
 *fill*         0x00000000020329e2        0x2 
 .rodata        0x00000000020329e4       0x58 obj/default/graphic_lib/simple_graphics.o
 .rodata        0x0000000002032a3c       0x28 obj/default/graphic_lib/simple_text.o
 .rodata        0x0000000002032a64       0x40 obj/default/main.o
 .rodata        0x0000000002032aa4       0xb8 obj/default/thats_my_gui.o
 .rodata.str1.4
                0x0000000002032b5c        0x5 c:/altera/15.0/qartussetupweb/nios2eds/bin/gnu/h-x86_64-mingw32/bin/../lib/gcc/nios2-elf/4.9.1/../../../../../H-x86_64-mingw32/nios2-elf/lib\libm.a(lib_a-w_sqrt.o)
                                          0x8 (size before relaxing)
 .rodata        0x0000000002032b61      0x100 c:/altera/15.0/qartussetupweb/nios2eds/bin/gnu/h-x86_64-mingw32/bin/../lib/gcc/nios2-elf/4.9.1\libgcc.a(_clz.o)
                0x0000000002032b61                __clz_tab
 *fill*         0x0000000002032c61        0x3 
 .rodata.str1.4
                0x0000000002032c64        0x2 c:/altera/15.0/qartussetupweb/nios2eds/bin/gnu/h-x86_64-mingw32/bin/../lib/gcc/nios2-elf/4.9.1/../../../../../H-x86_64-mingw32/nios2-elf/lib\libc.a(lib_a-impure.o)
                                          0x4 (size before relaxing)
 *fill*         0x0000000002032c66        0x2 
 .rodata.str1.4
                0x0000000002032c68        0x2 c:/altera/15.0/qartussetupweb/nios2eds/bin/gnu/h-x86_64-mingw32/bin/../lib/gcc/nios2-elf/4.9.1/../../../../../H-x86_64-mingw32/nios2-elf/lib\libc.a(lib_a-puts.o)
                                          0x4 (size before relaxing)
 *fill*         0x0000000002032c6a        0x2 
 .rodata.str1.4
                0x0000000002032c6c       0x42 c:/altera/15.0/qartussetupweb/nios2eds/bin/gnu/h-x86_64-mingw32/bin/../lib/gcc/nios2-elf/4.9.1/../../../../../H-x86_64-mingw32/nios2-elf/lib\libc.a(lib_a-svfprintf.o)
                                         0x44 (size before relaxing)
 .rodata        0x0000000002032cae       0x20 c:/altera/15.0/qartussetupweb/nios2eds/bin/gnu/h-x86_64-mingw32/bin/../lib/gcc/nios2-elf/4.9.1/../../../../../H-x86_64-mingw32/nios2-elf/lib\libc.a(lib_a-svfprintf.o)
 .rodata.str1.4
                0x0000000000000000       0x44 c:/altera/15.0/qartussetupweb/nios2eds/bin/gnu/h-x86_64-mingw32/bin/../lib/gcc/nios2-elf/4.9.1/../../../../../H-x86_64-mingw32/nios2-elf/lib\libc.a(lib_a-vfprintf.o)
 .rodata        0x0000000002032cce       0x20 c:/altera/15.0/qartussetupweb/nios2eds/bin/gnu/h-x86_64-mingw32/bin/../lib/gcc/nios2-elf/4.9.1/../../../../../H-x86_64-mingw32/nios2-elf/lib\libc.a(lib_a-vfprintf.o)
 *fill*         0x0000000002032cee        0x2 
 .rodata.str1.4
                0x0000000002032cf0       0x10 c:/altera/15.0/qartussetupweb/nios2eds/bin/gnu/h-x86_64-mingw32/bin/../lib/gcc/nios2-elf/4.9.1/../../../../../H-x86_64-mingw32/nios2-elf/lib\libc.a(lib_a-dtoa.o)
                                         0x14 (size before relaxing)
 .rodata.str1.4
                0x0000000002032d00        0xc c:/altera/15.0/qartussetupweb/nios2eds/bin/gnu/h-x86_64-mingw32/bin/../lib/gcc/nios2-elf/4.9.1/../../../../../H-x86_64-mingw32/nios2-elf/lib\libc.a(lib_a-locale.o)
                                         0x14 (size before relaxing)
 .rodata        0x0000000002032d0c      0x124 c:/altera/15.0/qartussetupweb/nios2eds/bin/gnu/h-x86_64-mingw32/bin/../lib/gcc/nios2-elf/4.9.1/../../../../../H-x86_64-mingw32/nios2-elf/lib\libc.a(lib_a-mprec.o)
                0x0000000002032d18                __mprec_tinytens
                0x0000000002032d40                __mprec_bigtens
                0x0000000002032d68                __mprec_tens
 .rodata.str1.4
                0x0000000000000000       0x30 c:/altera/15.0/qartussetupweb/nios2eds/bin/gnu/h-x86_64-mingw32/bin/../lib/gcc/nios2-elf/4.9.1/../../../../../H-x86_64-mingw32/nios2-elf/lib\libc.a(lib_a-svfiprintf.o)
 .rodata        0x0000000002032e30       0x20 c:/altera/15.0/qartussetupweb/nios2eds/bin/gnu/h-x86_64-mingw32/bin/../lib/gcc/nios2-elf/4.9.1/../../../../../H-x86_64-mingw32/nios2-elf/lib\libc.a(lib_a-svfiprintf.o)
 .rodata.str1.4
                0x0000000000000000       0x30 c:/altera/15.0/qartussetupweb/nios2eds/bin/gnu/h-x86_64-mingw32/bin/../lib/gcc/nios2-elf/4.9.1/../../../../../H-x86_64-mingw32/nios2-elf/lib\libc.a(lib_a-vfiprintf.o)
 .rodata        0x0000000002032e50       0x20 c:/altera/15.0/qartussetupweb/nios2eds/bin/gnu/h-x86_64-mingw32/bin/../lib/gcc/nios2-elf/4.9.1/../../../../../H-x86_64-mingw32/nios2-elf/lib\libc.a(lib_a-vfiprintf.o)
 .rodata        0x0000000002032e70        0xc ../FinalVersion_bsp/\libhal_bsp.a(alt_dev.o)
 .rodata        0x0000000002032e7c       0x10 ../FinalVersion_bsp/\libhal_bsp.a(alt_main.o)
 .rodata        0x0000000002032e8c       0x10 ../FinalVersion_bsp/\libhal_bsp.a(alt_sys_init.o)
 *(.rodata1)
                0x0000000002032e9c                . = ALIGN (0x4)
                0x0000000002032e9c                PROVIDE (__ram_rodata_end, ABSOLUTE (.))
                0x0000000002018c70                PROVIDE (__flash_rodata_start, LOADADDR (.rodata))

.rwdata         0x0000000002032e9c     0x36a4 load address 0x0000000002036540
                0x0000000002032e9c                PROVIDE (__ram_rwdata_start, ABSOLUTE (.))
                0x0000000002032e9c                . = ALIGN (0x4)
 *(.got.plt)
 *(.got)
 *(.data1)
 *(.data .data.* .gnu.linkonce.d.*)
 .data          0x0000000002032e9c        0x0 ../FinalVersion_bsp//obj/HAL/src/crt0.o
 .data          0x0000000002032e9c       0x14 obj/default/demo/gui.o
                0x0000000002032e9c                szPallete
 .data          0x0000000002032eb0        0x0 obj/default/demo/gui_vpg.o
 .data          0x0000000002032eb0      0xbc0 obj/default/fonts/tahomabold_20.o
                0x0000000002032eb0                tahomabold_20
 .data          0x0000000002033a70      0xbc0 obj/default/fonts/tahomabold_32.o
                0x0000000002033a70                tahomabold_32
 .data          0x0000000002034630        0x0 obj/default/graphic_lib/ILI9341.o
 .data          0x0000000002034630        0x0 obj/default/graphic_lib/geometry.o
 .data          0x0000000002034630      0x415 obj/default/graphic_lib/simple_graphics.o
                0x0000000002034630                cour10_font_array
 .data          0x0000000002034a45        0x0 obj/default/graphic_lib/simple_text.o
 .data          0x0000000002034a45        0x0 obj/default/main.o
 .data          0x0000000002034a45        0x0 obj/default/terasic_lib/touch_spi.o
 .data          0x0000000002034a45        0x0 obj/default/thats_my_gui.o
 .data          0x0000000002034a45        0x0 c:/altera/15.0/qartussetupweb/nios2eds/bin/gnu/h-x86_64-mingw32/bin/../lib/gcc/nios2-elf/4.9.1/../../../../../H-x86_64-mingw32/nios2-elf/lib\libm.a(lib_a-w_sqrt.o)
 .data          0x0000000002034a45        0x0 c:/altera/15.0/qartussetupweb/nios2eds/bin/gnu/h-x86_64-mingw32/bin/../lib/gcc/nios2-elf/4.9.1/../../../../../H-x86_64-mingw32/nios2-elf/lib\libm.a(lib_a-e_sqrt.o)
 .data          0x0000000002034a45        0x0 c:/altera/15.0/qartussetupweb/nios2eds/bin/gnu/h-x86_64-mingw32/bin/../lib/gcc/nios2-elf/4.9.1/../../../../../H-x86_64-mingw32/nios2-elf/lib\libm.a(lib_a-s_fpclassify.o)
 .data          0x0000000002034a45        0x0 c:/altera/15.0/qartussetupweb/nios2eds/bin/gnu/h-x86_64-mingw32/bin/../lib/gcc/nios2-elf/4.9.1/../../../../../H-x86_64-mingw32/nios2-elf/lib\libm.a(lib_a-s_lib_ver.o)
 .data          0x0000000002034a45        0x0 c:/altera/15.0/qartussetupweb/nios2eds/bin/gnu/h-x86_64-mingw32/bin/../lib/gcc/nios2-elf/4.9.1/../../../../../H-x86_64-mingw32/nios2-elf/lib\libm.a(lib_a-s_matherr.o)
 .data          0x0000000002034a45        0x0 c:/altera/15.0/qartussetupweb/nios2eds/bin/gnu/h-x86_64-mingw32/bin/../lib/gcc/nios2-elf/4.9.1\libgcc.a(lib2-divmod.o)
 .data          0x0000000002034a45        0x0 c:/altera/15.0/qartussetupweb/nios2eds/bin/gnu/h-x86_64-mingw32/bin/../lib/gcc/nios2-elf/4.9.1\libgcc.a(adddf3.o)
 .data          0x0000000002034a45        0x0 c:/altera/15.0/qartussetupweb/nios2eds/bin/gnu/h-x86_64-mingw32/bin/../lib/gcc/nios2-elf/4.9.1\libgcc.a(divdf3.o)
 .data          0x0000000002034a45        0x0 c:/altera/15.0/qartussetupweb/nios2eds/bin/gnu/h-x86_64-mingw32/bin/../lib/gcc/nios2-elf/4.9.1\libgcc.a(gedf2.o)
 .data          0x0000000002034a45        0x0 c:/altera/15.0/qartussetupweb/nios2eds/bin/gnu/h-x86_64-mingw32/bin/../lib/gcc/nios2-elf/4.9.1\libgcc.a(ledf2.o)
 .data          0x0000000002034a45        0x0 c:/altera/15.0/qartussetupweb/nios2eds/bin/gnu/h-x86_64-mingw32/bin/../lib/gcc/nios2-elf/4.9.1\libgcc.a(muldf3.o)
 .data          0x0000000002034a45        0x0 c:/altera/15.0/qartussetupweb/nios2eds/bin/gnu/h-x86_64-mingw32/bin/../lib/gcc/nios2-elf/4.9.1\libgcc.a(subdf3.o)
 .data          0x0000000002034a45        0x0 c:/altera/15.0/qartussetupweb/nios2eds/bin/gnu/h-x86_64-mingw32/bin/../lib/gcc/nios2-elf/4.9.1\libgcc.a(fixdfsi.o)
 .data          0x0000000002034a45        0x0 c:/altera/15.0/qartussetupweb/nios2eds/bin/gnu/h-x86_64-mingw32/bin/../lib/gcc/nios2-elf/4.9.1\libgcc.a(floatsidf.o)
 .data          0x0000000002034a45        0x0 c:/altera/15.0/qartussetupweb/nios2eds/bin/gnu/h-x86_64-mingw32/bin/../lib/gcc/nios2-elf/4.9.1\libgcc.a(_clzsi2.o)
 .data          0x0000000002034a45        0x0 c:/altera/15.0/qartussetupweb/nios2eds/bin/gnu/h-x86_64-mingw32/bin/../lib/gcc/nios2-elf/4.9.1\libgcc.a(_clz.o)
 .data          0x0000000002034a45        0x0 c:/altera/15.0/qartussetupweb/nios2eds/bin/gnu/h-x86_64-mingw32/bin/../lib/gcc/nios2-elf/4.9.1/../../../../../H-x86_64-mingw32/nios2-elf/lib\libc.a(lib_a-errno.o)
 *fill*         0x0000000002034a45        0x3 
 .data          0x0000000002034a48      0x424 c:/altera/15.0/qartussetupweb/nios2eds/bin/gnu/h-x86_64-mingw32/bin/../lib/gcc/nios2-elf/4.9.1/../../../../../H-x86_64-mingw32/nios2-elf/lib\libc.a(lib_a-impure.o)
 .data          0x0000000002034e6c        0x0 c:/altera/15.0/qartussetupweb/nios2eds/bin/gnu/h-x86_64-mingw32/bin/../lib/gcc/nios2-elf/4.9.1/../../../../../H-x86_64-mingw32/nios2-elf/lib\libc.a(lib_a-malloc.o)
 .data          0x0000000002034e6c      0x408 c:/altera/15.0/qartussetupweb/nios2eds/bin/gnu/h-x86_64-mingw32/bin/../lib/gcc/nios2-elf/4.9.1/../../../../../H-x86_64-mingw32/nios2-elf/lib\libc.a(lib_a-mallocr.o)
                0x0000000002034e6c                __malloc_av_
 .data          0x0000000002035274        0x0 c:/altera/15.0/qartussetupweb/nios2eds/bin/gnu/h-x86_64-mingw32/bin/../lib/gcc/nios2-elf/4.9.1/../../../../../H-x86_64-mingw32/nios2-elf/lib\libc.a(lib_a-memcpy.o)
 .data          0x0000000002035274        0x0 c:/altera/15.0/qartussetupweb/nios2eds/bin/gnu/h-x86_64-mingw32/bin/../lib/gcc/nios2-elf/4.9.1/../../../../../H-x86_64-mingw32/nios2-elf/lib\libc.a(lib_a-memset.o)
 .data          0x0000000002035274        0x0 c:/altera/15.0/qartussetupweb/nios2eds/bin/gnu/h-x86_64-mingw32/bin/../lib/gcc/nios2-elf/4.9.1/../../../../../H-x86_64-mingw32/nios2-elf/lib\libc.a(lib_a-printf.o)
 .data          0x0000000002035274        0x0 c:/altera/15.0/qartussetupweb/nios2eds/bin/gnu/h-x86_64-mingw32/bin/../lib/gcc/nios2-elf/4.9.1/../../../../../H-x86_64-mingw32/nios2-elf/lib\libc.a(lib_a-puts.o)
 .data          0x0000000002035274        0x0 c:/altera/15.0/qartussetupweb/nios2eds/bin/gnu/h-x86_64-mingw32/bin/../lib/gcc/nios2-elf/4.9.1/../../../../../H-x86_64-mingw32/nios2-elf/lib\libc.a(lib_a-sbrkr.o)
 .data          0x0000000002035274        0x0 c:/altera/15.0/qartussetupweb/nios2eds/bin/gnu/h-x86_64-mingw32/bin/../lib/gcc/nios2-elf/4.9.1/../../../../../H-x86_64-mingw32/nios2-elf/lib\libc.a(lib_a-sprintf.o)
 .data          0x0000000002035274        0x0 c:/altera/15.0/qartussetupweb/nios2eds/bin/gnu/h-x86_64-mingw32/bin/../lib/gcc/nios2-elf/4.9.1/../../../../../H-x86_64-mingw32/nios2-elf/lib\libc.a(lib_a-strcpy.o)
 .data          0x0000000002035274        0x0 c:/altera/15.0/qartussetupweb/nios2eds/bin/gnu/h-x86_64-mingw32/bin/../lib/gcc/nios2-elf/4.9.1/../../../../../H-x86_64-mingw32/nios2-elf/lib\libc.a(lib_a-strlen.o)
 .data          0x0000000002035274        0x0 c:/altera/15.0/qartussetupweb/nios2eds/bin/gnu/h-x86_64-mingw32/bin/../lib/gcc/nios2-elf/4.9.1/../../../../../H-x86_64-mingw32/nios2-elf/lib\libc.a(lib_a-svfprintf.o)
 .data          0x0000000002035274        0x0 c:/altera/15.0/qartussetupweb/nios2eds/bin/gnu/h-x86_64-mingw32/bin/../lib/gcc/nios2-elf/4.9.1/../../../../../H-x86_64-mingw32/nios2-elf/lib\libc.a(lib_a-vfprintf.o)
 .data          0x0000000002035274        0x0 c:/altera/15.0/qartussetupweb/nios2eds/bin/gnu/h-x86_64-mingw32/bin/../lib/gcc/nios2-elf/4.9.1/../../../../../H-x86_64-mingw32/nios2-elf/lib\libc.a(lib_a-wsetup.o)
 .data          0x0000000002035274        0x0 c:/altera/15.0/qartussetupweb/nios2eds/bin/gnu/h-x86_64-mingw32/bin/../lib/gcc/nios2-elf/4.9.1/../../../../../H-x86_64-mingw32/nios2-elf/lib\libc.a(lib_a-dtoa.o)
 .data          0x0000000002035274        0x0 c:/altera/15.0/qartussetupweb/nios2eds/bin/gnu/h-x86_64-mingw32/bin/../lib/gcc/nios2-elf/4.9.1/../../../../../H-x86_64-mingw32/nios2-elf/lib\libc.a(lib_a-fflush.o)
 .data          0x0000000002035274        0x0 c:/altera/15.0/qartussetupweb/nios2eds/bin/gnu/h-x86_64-mingw32/bin/../lib/gcc/nios2-elf/4.9.1/../../../../../H-x86_64-mingw32/nios2-elf/lib\libc.a(lib_a-findfp.o)
 .data          0x0000000002035274        0x0 c:/altera/15.0/qartussetupweb/nios2eds/bin/gnu/h-x86_64-mingw32/bin/../lib/gcc/nios2-elf/4.9.1/../../../../../H-x86_64-mingw32/nios2-elf/lib\libc.a(lib_a-freer.o)
 .data          0x0000000002035274        0x0 c:/altera/15.0/qartussetupweb/nios2eds/bin/gnu/h-x86_64-mingw32/bin/../lib/gcc/nios2-elf/4.9.1/../../../../../H-x86_64-mingw32/nios2-elf/lib\libc.a(lib_a-fvwrite.o)
 .data          0x0000000002035274        0x0 c:/altera/15.0/qartussetupweb/nios2eds/bin/gnu/h-x86_64-mingw32/bin/../lib/gcc/nios2-elf/4.9.1/../../../../../H-x86_64-mingw32/nios2-elf/lib\libc.a(lib_a-fwalk.o)
 .data          0x0000000002035274        0x0 c:/altera/15.0/qartussetupweb/nios2eds/bin/gnu/h-x86_64-mingw32/bin/../lib/gcc/nios2-elf/4.9.1/../../../../../H-x86_64-mingw32/nios2-elf/lib\libc.a(lib_a-int_errno.o)
 .data          0x0000000002035274       0x78 c:/altera/15.0/qartussetupweb/nios2eds/bin/gnu/h-x86_64-mingw32/bin/../lib/gcc/nios2-elf/4.9.1/../../../../../H-x86_64-mingw32/nios2-elf/lib\libc.a(lib_a-locale.o)
 .data          0x00000000020352ec        0x0 c:/altera/15.0/qartussetupweb/nios2eds/bin/gnu/h-x86_64-mingw32/bin/../lib/gcc/nios2-elf/4.9.1/../../../../../H-x86_64-mingw32/nios2-elf/lib\libc.a(lib_a-makebuf.o)
 .data          0x00000000020352ec        0x0 c:/altera/15.0/qartussetupweb/nios2eds/bin/gnu/h-x86_64-mingw32/bin/../lib/gcc/nios2-elf/4.9.1/../../../../../H-x86_64-mingw32/nios2-elf/lib\libc.a(lib_a-memchr.o)
 .data          0x00000000020352ec        0x0 c:/altera/15.0/qartussetupweb/nios2eds/bin/gnu/h-x86_64-mingw32/bin/../lib/gcc/nios2-elf/4.9.1/../../../../../H-x86_64-mingw32/nios2-elf/lib\libc.a(lib_a-memmove.o)
 .data          0x00000000020352ec        0x0 c:/altera/15.0/qartussetupweb/nios2eds/bin/gnu/h-x86_64-mingw32/bin/../lib/gcc/nios2-elf/4.9.1/../../../../../H-x86_64-mingw32/nios2-elf/lib\libc.a(lib_a-mprec.o)
 .data          0x00000000020352ec        0x0 c:/altera/15.0/qartussetupweb/nios2eds/bin/gnu/h-x86_64-mingw32/bin/../lib/gcc/nios2-elf/4.9.1/../../../../../H-x86_64-mingw32/nios2-elf/lib\libc.a(lib_a-reallocr.o)
 .data          0x00000000020352ec        0x0 c:/altera/15.0/qartussetupweb/nios2eds/bin/gnu/h-x86_64-mingw32/bin/../lib/gcc/nios2-elf/4.9.1/../../../../../H-x86_64-mingw32/nios2-elf/lib\libc.a(lib_a-stdio.o)
 .data          0x00000000020352ec        0x0 c:/altera/15.0/qartussetupweb/nios2eds/bin/gnu/h-x86_64-mingw32/bin/../lib/gcc/nios2-elf/4.9.1/../../../../../H-x86_64-mingw32/nios2-elf/lib\libc.a(lib_a-strcmp.o)
 .data          0x00000000020352ec        0x0 c:/altera/15.0/qartussetupweb/nios2eds/bin/gnu/h-x86_64-mingw32/bin/../lib/gcc/nios2-elf/4.9.1/../../../../../H-x86_64-mingw32/nios2-elf/lib\libc.a(lib_a-svfiprintf.o)
 .data          0x00000000020352ec        0x0 c:/altera/15.0/qartussetupweb/nios2eds/bin/gnu/h-x86_64-mingw32/bin/../lib/gcc/nios2-elf/4.9.1/../../../../../H-x86_64-mingw32/nios2-elf/lib\libc.a(lib_a-vfiprintf.o)
 .data          0x00000000020352ec        0x0 c:/altera/15.0/qartussetupweb/nios2eds/bin/gnu/h-x86_64-mingw32/bin/../lib/gcc/nios2-elf/4.9.1/../../../../../H-x86_64-mingw32/nios2-elf/lib\libc.a(lib_a-writer.o)
 .data          0x00000000020352ec        0x0 c:/altera/15.0/qartussetupweb/nios2eds/bin/gnu/h-x86_64-mingw32/bin/../lib/gcc/nios2-elf/4.9.1/../../../../../H-x86_64-mingw32/nios2-elf/lib\libc.a(closer.o)
 .data          0x00000000020352ec        0x0 c:/altera/15.0/qartussetupweb/nios2eds/bin/gnu/h-x86_64-mingw32/bin/../lib/gcc/nios2-elf/4.9.1/../../../../../H-x86_64-mingw32/nios2-elf/lib\libc.a(lib_a-callocr.o)
 .data          0x00000000020352ec        0x0 c:/altera/15.0/qartussetupweb/nios2eds/bin/gnu/h-x86_64-mingw32/bin/../lib/gcc/nios2-elf/4.9.1/../../../../../H-x86_64-mingw32/nios2-elf/lib\libc.a(lib_a-fclose.o)
 .data          0x00000000020352ec        0x0 c:/altera/15.0/qartussetupweb/nios2eds/bin/gnu/h-x86_64-mingw32/bin/../lib/gcc/nios2-elf/4.9.1/../../../../../H-x86_64-mingw32/nios2-elf/lib\libc.a(lib_a-fputwc.o)
 .data          0x00000000020352ec        0x0 c:/altera/15.0/qartussetupweb/nios2eds/bin/gnu/h-x86_64-mingw32/bin/../lib/gcc/nios2-elf/4.9.1/../../../../../H-x86_64-mingw32/nios2-elf/lib\libc.a(lib_a-fstatr.o)
 .data          0x00000000020352ec        0x0 c:/altera/15.0/qartussetupweb/nios2eds/bin/gnu/h-x86_64-mingw32/bin/../lib/gcc/nios2-elf/4.9.1/../../../../../H-x86_64-mingw32/nios2-elf/lib\libc.a(lib_a-isattyr.o)
 .data          0x00000000020352ec        0x0 c:/altera/15.0/qartussetupweb/nios2eds/bin/gnu/h-x86_64-mingw32/bin/../lib/gcc/nios2-elf/4.9.1/../../../../../H-x86_64-mingw32/nios2-elf/lib\libc.a(lib_a-lseekr.o)
 .data          0x00000000020352ec        0x0 c:/altera/15.0/qartussetupweb/nios2eds/bin/gnu/h-x86_64-mingw32/bin/../lib/gcc/nios2-elf/4.9.1/../../../../../H-x86_64-mingw32/nios2-elf/lib\libc.a(lib_a-readr.o)
 .data          0x00000000020352ec        0x0 c:/altera/15.0/qartussetupweb/nios2eds/bin/gnu/h-x86_64-mingw32/bin/../lib/gcc/nios2-elf/4.9.1/../../../../../H-x86_64-mingw32/nios2-elf/lib\libc.a(lib_a-wbuf.o)
 .data          0x00000000020352ec        0x0 c:/altera/15.0/qartussetupweb/nios2eds/bin/gnu/h-x86_64-mingw32/bin/../lib/gcc/nios2-elf/4.9.1/../../../../../H-x86_64-mingw32/nios2-elf/lib\libc.a(lib_a-wcrtomb.o)
 .data          0x00000000020352ec        0x0 c:/altera/15.0/qartussetupweb/nios2eds/bin/gnu/h-x86_64-mingw32/bin/../lib/gcc/nios2-elf/4.9.1/../../../../../H-x86_64-mingw32/nios2-elf/lib\libc.a(lib_a-wctomb_r.o)
 .data          0x00000000020352ec        0x0 c:/altera/15.0/qartussetupweb/nios2eds/bin/gnu/h-x86_64-mingw32/bin/../lib/gcc/nios2-elf/4.9.1\libgcc.a(_udivdi3.o)
 .data          0x00000000020352ec        0x0 c:/altera/15.0/qartussetupweb/nios2eds/bin/gnu/h-x86_64-mingw32/bin/../lib/gcc/nios2-elf/4.9.1\libgcc.a(_umoddi3.o)
 .data          0x00000000020352ec        0x0 c:/altera/15.0/qartussetupweb/nios2eds/bin/gnu/h-x86_64-mingw32/bin/../lib/gcc/nios2-elf/4.9.1\libgcc.a(eqdf2.o)
 .data          0x00000000020352ec        0x0 c:/altera/15.0/qartussetupweb/nios2eds/bin/gnu/h-x86_64-mingw32/bin/../lib/gcc/nios2-elf/4.9.1\libgcc.a(floatunsidf.o)
 .data          0x00000000020352ec        0x0 ../FinalVersion_bsp/\libhal_bsp.a(alt_alarm_start.o)
 .data          0x00000000020352ec        0x0 ../FinalVersion_bsp/\libhal_bsp.a(alt_close.o)
 .data          0x00000000020352ec      0x1a8 ../FinalVersion_bsp/\libhal_bsp.a(alt_dev.o)
                0x00000000020352ec                alt_dev_null
                0x0000000002035314                alt_fd_list
 .data          0x0000000002035494        0x0 ../FinalVersion_bsp/\libhal_bsp.a(alt_errno.o)
 .data          0x0000000002035494        0x0 ../FinalVersion_bsp/\libhal_bsp.a(alt_fstat.o)
 .data          0x0000000002035494        0x0 ../FinalVersion_bsp/\libhal_bsp.a(alt_iic.o)
 .data          0x0000000002035494        0x0 ../FinalVersion_bsp/\libhal_bsp.a(alt_iic_isr_register.o)
 .data          0x0000000002035494        0x0 ../FinalVersion_bsp/\libhal_bsp.a(alt_irq_entry.o)
 .data          0x0000000002035494        0x0 ../FinalVersion_bsp/\libhal_bsp.a(alt_irq_handler.o)
 .data          0x0000000002035494        0x0 ../FinalVersion_bsp/\libhal_bsp.a(alt_irq_vars.o)
 .data          0x0000000002035494        0x0 ../FinalVersion_bsp/\libhal_bsp.a(alt_isatty.o)
 .data          0x0000000002035494        0x0 ../FinalVersion_bsp/\libhal_bsp.a(alt_load.o)
 .data          0x0000000002035494        0x0 ../FinalVersion_bsp/\libhal_bsp.a(alt_lseek.o)
 .data          0x0000000002035494        0x0 ../FinalVersion_bsp/\libhal_bsp.a(alt_main.o)
 .data          0x0000000002035494        0x0 ../FinalVersion_bsp/\libhal_bsp.a(alt_malloc_lock.o)
 .data          0x0000000002035494        0x0 ../FinalVersion_bsp/\libhal_bsp.a(alt_read.o)
 .data          0x0000000002035494        0x0 ../FinalVersion_bsp/\libhal_bsp.a(alt_release_fd.o)
 .data          0x0000000002035494        0x0 ../FinalVersion_bsp/\libhal_bsp.a(alt_sbrk.o)
 .data          0x0000000002035494        0x0 ../FinalVersion_bsp/\libhal_bsp.a(alt_tick.o)
 .data          0x0000000002035494        0x0 ../FinalVersion_bsp/\libhal_bsp.a(alt_usleep.o)
 .data          0x0000000002035494        0x0 ../FinalVersion_bsp/\libhal_bsp.a(alt_write.o)
 .data          0x0000000002035494     0x1060 ../FinalVersion_bsp/\libhal_bsp.a(alt_sys_init.o)
 .data          0x00000000020364f4        0x0 ../FinalVersion_bsp/\libhal_bsp.a(altera_avalon_jtag_uart_fd.o)
 .data          0x00000000020364f4        0x0 ../FinalVersion_bsp/\libhal_bsp.a(altera_avalon_jtag_uart_init.o)
 .data          0x00000000020364f4        0x0 ../FinalVersion_bsp/\libhal_bsp.a(altera_avalon_jtag_uart_ioctl.o)
 .data          0x00000000020364f4        0x0 ../FinalVersion_bsp/\libhal_bsp.a(altera_avalon_jtag_uart_read.o)
 .data          0x00000000020364f4        0x0 ../FinalVersion_bsp/\libhal_bsp.a(altera_avalon_jtag_uart_write.o)
 .data          0x00000000020364f4        0x0 ../FinalVersion_bsp/\libhal_bsp.a(altera_avalon_spi.o)
 .data          0x00000000020364f4        0x0 ../FinalVersion_bsp/\libhal_bsp.a(altera_avalon_timer_sc.o)
 .data          0x00000000020364f4        0x0 ../FinalVersion_bsp/\libhal_bsp.a(alt_busy_sleep.o)
 .data          0x00000000020364f4        0x0 ../FinalVersion_bsp/\libhal_bsp.a(alt_dcache_flush_all.o)
 .data          0x00000000020364f4        0x0 ../FinalVersion_bsp/\libhal_bsp.a(alt_dev_llist_insert.o)
 .data          0x00000000020364f4        0x0 ../FinalVersion_bsp/\libhal_bsp.a(alt_do_ctors.o)
 .data          0x00000000020364f4        0x0 ../FinalVersion_bsp/\libhal_bsp.a(alt_do_dtors.o)
 .data          0x00000000020364f4        0x0 ../FinalVersion_bsp/\libhal_bsp.a(alt_exception_entry.o)
 .data          0x00000000020364f4        0x0 ../FinalVersion_bsp/\libhal_bsp.a(alt_icache_flush_all.o)
 .data          0x00000000020364f4        0x0 ../FinalVersion_bsp/\libhal_bsp.a(alt_io_redirect.o)
 .data          0x00000000020364f4        0x0 ../FinalVersion_bsp/\libhal_bsp.a(alt_open.o)
 .data          0x00000000020364f4        0x0 ../FinalVersion_bsp/\libhal_bsp.a(altera_nios2_qsys_irq.o)
 .data          0x00000000020364f4        0x0 ../FinalVersion_bsp/\libhal_bsp.a(alt_find_dev.o)
 .data          0x00000000020364f4        0x0 ../FinalVersion_bsp/\libhal_bsp.a(alt_find_file.o)
 .data          0x00000000020364f4        0x0 ../FinalVersion_bsp/\libhal_bsp.a(alt_get_fd.o)
 .data          0x00000000020364f4        0x0 ../FinalVersion_bsp/\libhal_bsp.a(alt_icache_flush.o)
 .data          0x00000000020364f4        0x0 c:/altera/15.0/qartussetupweb/nios2eds/bin/gnu/h-x86_64-mingw32/bin/../lib/gcc/nios2-elf/4.9.1/../../../../../H-x86_64-mingw32/nios2-elf/lib\libc.a(lib_a-atexit.o)
 .data          0x00000000020364f4        0x0 c:/altera/15.0/qartussetupweb/nios2eds/bin/gnu/h-x86_64-mingw32/bin/../lib/gcc/nios2-elf/4.9.1/../../../../../H-x86_64-mingw32/nios2-elf/lib\libc.a(lib_a-exit.o)
 .data          0x00000000020364f4        0x0 c:/altera/15.0/qartussetupweb/nios2eds/bin/gnu/h-x86_64-mingw32/bin/../lib/gcc/nios2-elf/4.9.1/../../../../../H-x86_64-mingw32/nios2-elf/lib\libc.a(lib_a-memcmp.o)
 .data          0x00000000020364f4        0x0 c:/altera/15.0/qartussetupweb/nios2eds/bin/gnu/h-x86_64-mingw32/bin/../lib/gcc/nios2-elf/4.9.1/../../../../../H-x86_64-mingw32/nios2-elf/lib\libc.a(lib_a-__atexit.o)
 .data          0x00000000020364f4        0x0 c:/altera/15.0/qartussetupweb/nios2eds/bin/gnu/h-x86_64-mingw32/bin/../lib/gcc/nios2-elf/4.9.1/../../../../../H-x86_64-mingw32/nios2-elf/lib\libc.a(lib_a-__call_atexit.o)
 .data          0x00000000020364f4        0x0 ../FinalVersion_bsp/\libhal_bsp.a(alt_exit.o)
                0x000000000203e4f4                _gp = ABSOLUTE ((. + 0x8000))
                0x000000000203e4f4                PROVIDE (gp, _gp)
 *(.rwdata .rwdata.*)
 *(.sdata .sdata.* .gnu.linkonce.s.*)
 .sdata         0x00000000020364f4        0x4 obj/default/demo/gui.o
 .sdata         0x00000000020364f8        0x4 obj/default/graphic_lib/simple_graphics.o
                0x00000000020364f8                cour10_font
 .sdata         0x00000000020364fc        0x4 c:/altera/15.0/qartussetupweb/nios2eds/bin/gnu/h-x86_64-mingw32/bin/../lib/gcc/nios2-elf/4.9.1/../../../../../H-x86_64-mingw32/nios2-elf/lib\libm.a(lib_a-s_lib_ver.o)
                0x00000000020364fc                __fdlib_version
 .sdata         0x0000000002036500        0x8 c:/altera/15.0/qartussetupweb/nios2eds/bin/gnu/h-x86_64-mingw32/bin/../lib/gcc/nios2-elf/4.9.1/../../../../../H-x86_64-mingw32/nios2-elf/lib\libc.a(lib_a-impure.o)
                0x0000000002036500                _global_impure_ptr
                0x0000000002036504                _impure_ptr
 .sdata         0x0000000002036508        0x8 c:/altera/15.0/qartussetupweb/nios2eds/bin/gnu/h-x86_64-mingw32/bin/../lib/gcc/nios2-elf/4.9.1/../../../../../H-x86_64-mingw32/nios2-elf/lib\libc.a(lib_a-mallocr.o)
                0x0000000002036508                __malloc_sbrk_base
                0x000000000203650c                __malloc_trim_threshold
 .sdata         0x0000000002036510        0x4 c:/altera/15.0/qartussetupweb/nios2eds/bin/gnu/h-x86_64-mingw32/bin/../lib/gcc/nios2-elf/4.9.1/../../../../../H-x86_64-mingw32/nios2-elf/lib\libc.a(lib_a-locale.o)
                0x0000000002036510                __mb_cur_max
 .sdata         0x0000000002036514        0x4 c:/altera/15.0/qartussetupweb/nios2eds/bin/gnu/h-x86_64-mingw32/bin/../lib/gcc/nios2-elf/4.9.1/../../../../../H-x86_64-mingw32/nios2-elf/lib\libc.a(lib_a-wctomb_r.o)
                0x0000000002036514                __wctomb
 .sdata         0x0000000002036518       0x14 ../FinalVersion_bsp/\libhal_bsp.a(alt_dev.o)
                0x0000000002036518                alt_fs_list
                0x0000000002036520                alt_dev_list
                0x0000000002036528                alt_max_fd
 .sdata         0x000000000203652c        0x4 ../FinalVersion_bsp/\libhal_bsp.a(alt_errno.o)
                0x000000000203652c                alt_errno
 .sdata         0x0000000002036530        0x4 ../FinalVersion_bsp/\libhal_bsp.a(alt_irq_vars.o)
                0x0000000002036530                alt_priority_mask
 .sdata         0x0000000002036534        0x4 ../FinalVersion_bsp/\libhal_bsp.a(alt_sbrk.o)
 .sdata         0x0000000002036538        0x8 ../FinalVersion_bsp/\libhal_bsp.a(alt_tick.o)
                0x0000000002036538                alt_alarm_list
 *(.sdata2 .sdata2.* .gnu.linkonce.s2.*)
                0x0000000002036540                . = ALIGN (0x4)
                0x0000000002036540                _edata = ABSOLUTE (.)
                0x0000000002036540                PROVIDE (edata, ABSOLUTE (.))
                0x0000000002036540                PROVIDE (__ram_rwdata_end, ABSOLUTE (.))
                0x0000000002036540                PROVIDE (__flash_rwdata_start, LOADADDR (.rwdata))

.bss            0x0000000002039be4      0x160
                0x0000000002039be4                __bss_start = ABSOLUTE (.)
                0x0000000002039be4                PROVIDE (__sbss_start, ABSOLUTE (.))
                0x0000000002039be4                PROVIDE (___sbss_start, ABSOLUTE (.))
 *(.dynsbss)
 *(.sbss .sbss.* .gnu.linkonce.sb.*)
 .sbss          0x0000000002039be4        0x4 obj/default/demo/gui.o
 .sbss          0x0000000002039be8        0xc c:/altera/15.0/qartussetupweb/nios2eds/bin/gnu/h-x86_64-mingw32/bin/../lib/gcc/nios2-elf/4.9.1/../../../../../H-x86_64-mingw32/nios2-elf/lib\libc.a(lib_a-mallocr.o)
                0x0000000002039be8                __malloc_max_total_mem
                0x0000000002039bec                __malloc_max_sbrked_mem
                0x0000000002039bf0                __malloc_top_pad
 .sbss          0x0000000002039bf4        0x4 c:/altera/15.0/qartussetupweb/nios2eds/bin/gnu/h-x86_64-mingw32/bin/../lib/gcc/nios2-elf/4.9.1/../../../../../H-x86_64-mingw32/nios2-elf/lib\libc.a(lib_a-int_errno.o)
                0x0000000002039bf4                errno
 .sbss          0x0000000002039bf8        0xc c:/altera/15.0/qartussetupweb/nios2eds/bin/gnu/h-x86_64-mingw32/bin/../lib/gcc/nios2-elf/4.9.1/../../../../../H-x86_64-mingw32/nios2-elf/lib\libc.a(lib_a-locale.o)
                0x0000000002039bf8                _PathLocale
                0x0000000002039bfc                __mlocale_changed
                0x0000000002039c00                __nlocale_changed
 .sbss          0x0000000002039c04        0x4 ../FinalVersion_bsp/\libhal_bsp.a(alt_irq_vars.o)
                0x0000000002039c04                alt_irq_active
 .sbss          0x0000000002039c08        0xc ../FinalVersion_bsp/\libhal_bsp.a(alt_main.o)
                0x0000000002039c08                alt_argc
                0x0000000002039c0c                alt_argv
                0x0000000002039c10                alt_envp
 .sbss          0x0000000002039c14        0x8 ../FinalVersion_bsp/\libhal_bsp.a(alt_tick.o)
                0x0000000002039c14                _alt_tick_rate
                0x0000000002039c18                _alt_nticks
 *(.sbss2 .sbss2.* .gnu.linkonce.sb2.*)
 *(.scommon)
                0x0000000002039c1c                PROVIDE (__sbss_end, ABSOLUTE (.))
                0x0000000002039c1c                PROVIDE (___sbss_end, ABSOLUTE (.))
 *(.dynbss)
 *(.bss .bss.* .gnu.linkonce.b.*)
 .bss           0x0000000002039c1c        0x0 ../FinalVersion_bsp//obj/HAL/src/crt0.o
 .bss           0x0000000002039c1c        0x0 obj/default/demo/gui.o
 .bss           0x0000000002039c1c        0x0 obj/default/demo/gui_vpg.o
 .bss           0x0000000002039c1c        0x0 obj/default/fonts/tahomabold_20.o
 .bss           0x0000000002039c1c        0x0 obj/default/fonts/tahomabold_32.o
 .bss           0x0000000002039c1c        0x0 obj/default/graphic_lib/ILI9341.o
 .bss           0x0000000002039c1c        0x0 obj/default/graphic_lib/geometry.o
 .bss           0x0000000002039c1c        0x0 obj/default/graphic_lib/simple_graphics.o
 .bss           0x0000000002039c1c        0x0 obj/default/graphic_lib/simple_text.o
 .bss           0x0000000002039c1c        0x0 obj/default/main.o
 .bss           0x0000000002039c1c        0x0 obj/default/terasic_lib/touch_spi.o
 .bss           0x0000000002039c1c        0x0 obj/default/thats_my_gui.o
 .bss           0x0000000002039c1c        0x0 c:/altera/15.0/qartussetupweb/nios2eds/bin/gnu/h-x86_64-mingw32/bin/../lib/gcc/nios2-elf/4.9.1/../../../../../H-x86_64-mingw32/nios2-elf/lib\libm.a(lib_a-w_sqrt.o)
 .bss           0x0000000002039c1c        0x0 c:/altera/15.0/qartussetupweb/nios2eds/bin/gnu/h-x86_64-mingw32/bin/../lib/gcc/nios2-elf/4.9.1/../../../../../H-x86_64-mingw32/nios2-elf/lib\libm.a(lib_a-e_sqrt.o)
 .bss           0x0000000002039c1c        0x0 c:/altera/15.0/qartussetupweb/nios2eds/bin/gnu/h-x86_64-mingw32/bin/../lib/gcc/nios2-elf/4.9.1/../../../../../H-x86_64-mingw32/nios2-elf/lib\libm.a(lib_a-s_fpclassify.o)
 .bss           0x0000000002039c1c        0x0 c:/altera/15.0/qartussetupweb/nios2eds/bin/gnu/h-x86_64-mingw32/bin/../lib/gcc/nios2-elf/4.9.1/../../../../../H-x86_64-mingw32/nios2-elf/lib\libm.a(lib_a-s_lib_ver.o)
 .bss           0x0000000002039c1c        0x0 c:/altera/15.0/qartussetupweb/nios2eds/bin/gnu/h-x86_64-mingw32/bin/../lib/gcc/nios2-elf/4.9.1/../../../../../H-x86_64-mingw32/nios2-elf/lib\libm.a(lib_a-s_matherr.o)
 .bss           0x0000000002039c1c        0x0 c:/altera/15.0/qartussetupweb/nios2eds/bin/gnu/h-x86_64-mingw32/bin/../lib/gcc/nios2-elf/4.9.1\libgcc.a(lib2-divmod.o)
 .bss           0x0000000002039c1c        0x0 c:/altera/15.0/qartussetupweb/nios2eds/bin/gnu/h-x86_64-mingw32/bin/../lib/gcc/nios2-elf/4.9.1\libgcc.a(adddf3.o)
 .bss           0x0000000002039c1c        0x0 c:/altera/15.0/qartussetupweb/nios2eds/bin/gnu/h-x86_64-mingw32/bin/../lib/gcc/nios2-elf/4.9.1\libgcc.a(divdf3.o)
 .bss           0x0000000002039c1c        0x0 c:/altera/15.0/qartussetupweb/nios2eds/bin/gnu/h-x86_64-mingw32/bin/../lib/gcc/nios2-elf/4.9.1\libgcc.a(gedf2.o)
 .bss           0x0000000002039c1c        0x0 c:/altera/15.0/qartussetupweb/nios2eds/bin/gnu/h-x86_64-mingw32/bin/../lib/gcc/nios2-elf/4.9.1\libgcc.a(ledf2.o)
 .bss           0x0000000002039c1c        0x0 c:/altera/15.0/qartussetupweb/nios2eds/bin/gnu/h-x86_64-mingw32/bin/../lib/gcc/nios2-elf/4.9.1\libgcc.a(muldf3.o)
 .bss           0x0000000002039c1c        0x0 c:/altera/15.0/qartussetupweb/nios2eds/bin/gnu/h-x86_64-mingw32/bin/../lib/gcc/nios2-elf/4.9.1\libgcc.a(subdf3.o)
 .bss           0x0000000002039c1c        0x0 c:/altera/15.0/qartussetupweb/nios2eds/bin/gnu/h-x86_64-mingw32/bin/../lib/gcc/nios2-elf/4.9.1\libgcc.a(fixdfsi.o)
 .bss           0x0000000002039c1c        0x0 c:/altera/15.0/qartussetupweb/nios2eds/bin/gnu/h-x86_64-mingw32/bin/../lib/gcc/nios2-elf/4.9.1\libgcc.a(floatsidf.o)
 .bss           0x0000000002039c1c        0x0 c:/altera/15.0/qartussetupweb/nios2eds/bin/gnu/h-x86_64-mingw32/bin/../lib/gcc/nios2-elf/4.9.1\libgcc.a(_clzsi2.o)
 .bss           0x0000000002039c1c        0x0 c:/altera/15.0/qartussetupweb/nios2eds/bin/gnu/h-x86_64-mingw32/bin/../lib/gcc/nios2-elf/4.9.1\libgcc.a(_clz.o)
 .bss           0x0000000002039c1c        0x0 c:/altera/15.0/qartussetupweb/nios2eds/bin/gnu/h-x86_64-mingw32/bin/../lib/gcc/nios2-elf/4.9.1/../../../../../H-x86_64-mingw32/nios2-elf/lib\libc.a(lib_a-errno.o)
 .bss           0x0000000002039c1c        0x0 c:/altera/15.0/qartussetupweb/nios2eds/bin/gnu/h-x86_64-mingw32/bin/../lib/gcc/nios2-elf/4.9.1/../../../../../H-x86_64-mingw32/nios2-elf/lib\libc.a(lib_a-impure.o)
 .bss           0x0000000002039c1c        0x0 c:/altera/15.0/qartussetupweb/nios2eds/bin/gnu/h-x86_64-mingw32/bin/../lib/gcc/nios2-elf/4.9.1/../../../../../H-x86_64-mingw32/nios2-elf/lib\libc.a(lib_a-malloc.o)
 .bss           0x0000000002039c1c       0x28 c:/altera/15.0/qartussetupweb/nios2eds/bin/gnu/h-x86_64-mingw32/bin/../lib/gcc/nios2-elf/4.9.1/../../../../../H-x86_64-mingw32/nios2-elf/lib\libc.a(lib_a-mallocr.o)
                0x0000000002039c1c                __malloc_current_mallinfo
 .bss           0x0000000002039c44        0x0 c:/altera/15.0/qartussetupweb/nios2eds/bin/gnu/h-x86_64-mingw32/bin/../lib/gcc/nios2-elf/4.9.1/../../../../../H-x86_64-mingw32/nios2-elf/lib\libc.a(lib_a-memcpy.o)
 .bss           0x0000000002039c44        0x0 c:/altera/15.0/qartussetupweb/nios2eds/bin/gnu/h-x86_64-mingw32/bin/../lib/gcc/nios2-elf/4.9.1/../../../../../H-x86_64-mingw32/nios2-elf/lib\libc.a(lib_a-memset.o)
 .bss           0x0000000002039c44        0x0 c:/altera/15.0/qartussetupweb/nios2eds/bin/gnu/h-x86_64-mingw32/bin/../lib/gcc/nios2-elf/4.9.1/../../../../../H-x86_64-mingw32/nios2-elf/lib\libc.a(lib_a-printf.o)
 .bss           0x0000000002039c44        0x0 c:/altera/15.0/qartussetupweb/nios2eds/bin/gnu/h-x86_64-mingw32/bin/../lib/gcc/nios2-elf/4.9.1/../../../../../H-x86_64-mingw32/nios2-elf/lib\libc.a(lib_a-puts.o)
 .bss           0x0000000002039c44        0x0 c:/altera/15.0/qartussetupweb/nios2eds/bin/gnu/h-x86_64-mingw32/bin/../lib/gcc/nios2-elf/4.9.1/../../../../../H-x86_64-mingw32/nios2-elf/lib\libc.a(lib_a-sbrkr.o)
 .bss           0x0000000002039c44        0x0 c:/altera/15.0/qartussetupweb/nios2eds/bin/gnu/h-x86_64-mingw32/bin/../lib/gcc/nios2-elf/4.9.1/../../../../../H-x86_64-mingw32/nios2-elf/lib\libc.a(lib_a-sprintf.o)
 .bss           0x0000000002039c44        0x0 c:/altera/15.0/qartussetupweb/nios2eds/bin/gnu/h-x86_64-mingw32/bin/../lib/gcc/nios2-elf/4.9.1/../../../../../H-x86_64-mingw32/nios2-elf/lib\libc.a(lib_a-strcpy.o)
 .bss           0x0000000002039c44        0x0 c:/altera/15.0/qartussetupweb/nios2eds/bin/gnu/h-x86_64-mingw32/bin/../lib/gcc/nios2-elf/4.9.1/../../../../../H-x86_64-mingw32/nios2-elf/lib\libc.a(lib_a-strlen.o)
 .bss           0x0000000002039c44        0x0 c:/altera/15.0/qartussetupweb/nios2eds/bin/gnu/h-x86_64-mingw32/bin/../lib/gcc/nios2-elf/4.9.1/../../../../../H-x86_64-mingw32/nios2-elf/lib\libc.a(lib_a-svfprintf.o)
 .bss           0x0000000002039c44        0x0 c:/altera/15.0/qartussetupweb/nios2eds/bin/gnu/h-x86_64-mingw32/bin/../lib/gcc/nios2-elf/4.9.1/../../../../../H-x86_64-mingw32/nios2-elf/lib\libc.a(lib_a-vfprintf.o)
 .bss           0x0000000002039c44        0x0 c:/altera/15.0/qartussetupweb/nios2eds/bin/gnu/h-x86_64-mingw32/bin/../lib/gcc/nios2-elf/4.9.1/../../../../../H-x86_64-mingw32/nios2-elf/lib\libc.a(lib_a-wsetup.o)
 .bss           0x0000000002039c44        0x0 c:/altera/15.0/qartussetupweb/nios2eds/bin/gnu/h-x86_64-mingw32/bin/../lib/gcc/nios2-elf/4.9.1/../../../../../H-x86_64-mingw32/nios2-elf/lib\libc.a(lib_a-dtoa.o)
 .bss           0x0000000002039c44        0x0 c:/altera/15.0/qartussetupweb/nios2eds/bin/gnu/h-x86_64-mingw32/bin/../lib/gcc/nios2-elf/4.9.1/../../../../../H-x86_64-mingw32/nios2-elf/lib\libc.a(lib_a-fflush.o)
 .bss           0x0000000002039c44        0x0 c:/altera/15.0/qartussetupweb/nios2eds/bin/gnu/h-x86_64-mingw32/bin/../lib/gcc/nios2-elf/4.9.1/../../../../../H-x86_64-mingw32/nios2-elf/lib\libc.a(lib_a-findfp.o)
 .bss           0x0000000002039c44        0x0 c:/altera/15.0/qartussetupweb/nios2eds/bin/gnu/h-x86_64-mingw32/bin/../lib/gcc/nios2-elf/4.9.1/../../../../../H-x86_64-mingw32/nios2-elf/lib\libc.a(lib_a-freer.o)
 .bss           0x0000000002039c44        0x0 c:/altera/15.0/qartussetupweb/nios2eds/bin/gnu/h-x86_64-mingw32/bin/../lib/gcc/nios2-elf/4.9.1/../../../../../H-x86_64-mingw32/nios2-elf/lib\libc.a(lib_a-fvwrite.o)
 .bss           0x0000000002039c44        0x0 c:/altera/15.0/qartussetupweb/nios2eds/bin/gnu/h-x86_64-mingw32/bin/../lib/gcc/nios2-elf/4.9.1/../../../../../H-x86_64-mingw32/nios2-elf/lib\libc.a(lib_a-fwalk.o)
 .bss           0x0000000002039c44        0x0 c:/altera/15.0/qartussetupweb/nios2eds/bin/gnu/h-x86_64-mingw32/bin/../lib/gcc/nios2-elf/4.9.1/../../../../../H-x86_64-mingw32/nios2-elf/lib\libc.a(lib_a-int_errno.o)
 .bss           0x0000000002039c44        0x0 c:/altera/15.0/qartussetupweb/nios2eds/bin/gnu/h-x86_64-mingw32/bin/../lib/gcc/nios2-elf/4.9.1/../../../../../H-x86_64-mingw32/nios2-elf/lib\libc.a(lib_a-locale.o)
 .bss           0x0000000002039c44        0x0 c:/altera/15.0/qartussetupweb/nios2eds/bin/gnu/h-x86_64-mingw32/bin/../lib/gcc/nios2-elf/4.9.1/../../../../../H-x86_64-mingw32/nios2-elf/lib\libc.a(lib_a-makebuf.o)
 .bss           0x0000000002039c44        0x0 c:/altera/15.0/qartussetupweb/nios2eds/bin/gnu/h-x86_64-mingw32/bin/../lib/gcc/nios2-elf/4.9.1/../../../../../H-x86_64-mingw32/nios2-elf/lib\libc.a(lib_a-memchr.o)
 .bss           0x0000000002039c44        0x0 c:/altera/15.0/qartussetupweb/nios2eds/bin/gnu/h-x86_64-mingw32/bin/../lib/gcc/nios2-elf/4.9.1/../../../../../H-x86_64-mingw32/nios2-elf/lib\libc.a(lib_a-memmove.o)
 .bss           0x0000000002039c44        0x0 c:/altera/15.0/qartussetupweb/nios2eds/bin/gnu/h-x86_64-mingw32/bin/../lib/gcc/nios2-elf/4.9.1/../../../../../H-x86_64-mingw32/nios2-elf/lib\libc.a(lib_a-mprec.o)
 .bss           0x0000000002039c44        0x0 c:/altera/15.0/qartussetupweb/nios2eds/bin/gnu/h-x86_64-mingw32/bin/../lib/gcc/nios2-elf/4.9.1/../../../../../H-x86_64-mingw32/nios2-elf/lib\libc.a(lib_a-reallocr.o)
 .bss           0x0000000002039c44        0x0 c:/altera/15.0/qartussetupweb/nios2eds/bin/gnu/h-x86_64-mingw32/bin/../lib/gcc/nios2-elf/4.9.1/../../../../../H-x86_64-mingw32/nios2-elf/lib\libc.a(lib_a-stdio.o)
 .bss           0x0000000002039c44        0x0 c:/altera/15.0/qartussetupweb/nios2eds/bin/gnu/h-x86_64-mingw32/bin/../lib/gcc/nios2-elf/4.9.1/../../../../../H-x86_64-mingw32/nios2-elf/lib\libc.a(lib_a-strcmp.o)
 .bss           0x0000000002039c44        0x0 c:/altera/15.0/qartussetupweb/nios2eds/bin/gnu/h-x86_64-mingw32/bin/../lib/gcc/nios2-elf/4.9.1/../../../../../H-x86_64-mingw32/nios2-elf/lib\libc.a(lib_a-svfiprintf.o)
 .bss           0x0000000002039c44        0x0 c:/altera/15.0/qartussetupweb/nios2eds/bin/gnu/h-x86_64-mingw32/bin/../lib/gcc/nios2-elf/4.9.1/../../../../../H-x86_64-mingw32/nios2-elf/lib\libc.a(lib_a-vfiprintf.o)
 .bss           0x0000000002039c44        0x0 c:/altera/15.0/qartussetupweb/nios2eds/bin/gnu/h-x86_64-mingw32/bin/../lib/gcc/nios2-elf/4.9.1/../../../../../H-x86_64-mingw32/nios2-elf/lib\libc.a(lib_a-writer.o)
 .bss           0x0000000002039c44        0x0 c:/altera/15.0/qartussetupweb/nios2eds/bin/gnu/h-x86_64-mingw32/bin/../lib/gcc/nios2-elf/4.9.1/../../../../../H-x86_64-mingw32/nios2-elf/lib\libc.a(closer.o)
 .bss           0x0000000002039c44        0x0 c:/altera/15.0/qartussetupweb/nios2eds/bin/gnu/h-x86_64-mingw32/bin/../lib/gcc/nios2-elf/4.9.1/../../../../../H-x86_64-mingw32/nios2-elf/lib\libc.a(lib_a-callocr.o)
 .bss           0x0000000002039c44        0x0 c:/altera/15.0/qartussetupweb/nios2eds/bin/gnu/h-x86_64-mingw32/bin/../lib/gcc/nios2-elf/4.9.1/../../../../../H-x86_64-mingw32/nios2-elf/lib\libc.a(lib_a-fclose.o)
 .bss           0x0000000002039c44        0x0 c:/altera/15.0/qartussetupweb/nios2eds/bin/gnu/h-x86_64-mingw32/bin/../lib/gcc/nios2-elf/4.9.1/../../../../../H-x86_64-mingw32/nios2-elf/lib\libc.a(lib_a-fputwc.o)
 .bss           0x0000000002039c44        0x0 c:/altera/15.0/qartussetupweb/nios2eds/bin/gnu/h-x86_64-mingw32/bin/../lib/gcc/nios2-elf/4.9.1/../../../../../H-x86_64-mingw32/nios2-elf/lib\libc.a(lib_a-fstatr.o)
 .bss           0x0000000002039c44        0x0 c:/altera/15.0/qartussetupweb/nios2eds/bin/gnu/h-x86_64-mingw32/bin/../lib/gcc/nios2-elf/4.9.1/../../../../../H-x86_64-mingw32/nios2-elf/lib\libc.a(lib_a-isattyr.o)
 .bss           0x0000000002039c44        0x0 c:/altera/15.0/qartussetupweb/nios2eds/bin/gnu/h-x86_64-mingw32/bin/../lib/gcc/nios2-elf/4.9.1/../../../../../H-x86_64-mingw32/nios2-elf/lib\libc.a(lib_a-lseekr.o)
 .bss           0x0000000002039c44        0x0 c:/altera/15.0/qartussetupweb/nios2eds/bin/gnu/h-x86_64-mingw32/bin/../lib/gcc/nios2-elf/4.9.1/../../../../../H-x86_64-mingw32/nios2-elf/lib\libc.a(lib_a-readr.o)
 .bss           0x0000000002039c44        0x0 c:/altera/15.0/qartussetupweb/nios2eds/bin/gnu/h-x86_64-mingw32/bin/../lib/gcc/nios2-elf/4.9.1/../../../../../H-x86_64-mingw32/nios2-elf/lib\libc.a(lib_a-wbuf.o)
 .bss           0x0000000002039c44        0x0 c:/altera/15.0/qartussetupweb/nios2eds/bin/gnu/h-x86_64-mingw32/bin/../lib/gcc/nios2-elf/4.9.1/../../../../../H-x86_64-mingw32/nios2-elf/lib\libc.a(lib_a-wcrtomb.o)
 .bss           0x0000000002039c44        0x0 c:/altera/15.0/qartussetupweb/nios2eds/bin/gnu/h-x86_64-mingw32/bin/../lib/gcc/nios2-elf/4.9.1/../../../../../H-x86_64-mingw32/nios2-elf/lib\libc.a(lib_a-wctomb_r.o)
 .bss           0x0000000002039c44        0x0 c:/altera/15.0/qartussetupweb/nios2eds/bin/gnu/h-x86_64-mingw32/bin/../lib/gcc/nios2-elf/4.9.1\libgcc.a(_udivdi3.o)
 .bss           0x0000000002039c44        0x0 c:/altera/15.0/qartussetupweb/nios2eds/bin/gnu/h-x86_64-mingw32/bin/../lib/gcc/nios2-elf/4.9.1\libgcc.a(_umoddi3.o)
 .bss           0x0000000002039c44        0x0 c:/altera/15.0/qartussetupweb/nios2eds/bin/gnu/h-x86_64-mingw32/bin/../lib/gcc/nios2-elf/4.9.1\libgcc.a(eqdf2.o)
 .bss           0x0000000002039c44        0x0 c:/altera/15.0/qartussetupweb/nios2eds/bin/gnu/h-x86_64-mingw32/bin/../lib/gcc/nios2-elf/4.9.1\libgcc.a(floatunsidf.o)
 .bss           0x0000000002039c44        0x0 ../FinalVersion_bsp/\libhal_bsp.a(alt_alarm_start.o)
 .bss           0x0000000002039c44        0x0 ../FinalVersion_bsp/\libhal_bsp.a(alt_close.o)
 .bss           0x0000000002039c44        0x0 ../FinalVersion_bsp/\libhal_bsp.a(alt_dev.o)
 .bss           0x0000000002039c44        0x0 ../FinalVersion_bsp/\libhal_bsp.a(alt_errno.o)
 .bss           0x0000000002039c44        0x0 ../FinalVersion_bsp/\libhal_bsp.a(alt_fstat.o)
 .bss           0x0000000002039c44        0x0 ../FinalVersion_bsp/\libhal_bsp.a(alt_iic.o)
 .bss           0x0000000002039c44        0x0 ../FinalVersion_bsp/\libhal_bsp.a(alt_iic_isr_register.o)
 .bss           0x0000000002039c44        0x0 ../FinalVersion_bsp/\libhal_bsp.a(alt_irq_entry.o)
 .bss           0x0000000002039c44        0x0 ../FinalVersion_bsp/\libhal_bsp.a(alt_irq_handler.o)
 .bss           0x0000000002039c44        0x0 ../FinalVersion_bsp/\libhal_bsp.a(alt_irq_vars.o)
 .bss           0x0000000002039c44        0x0 ../FinalVersion_bsp/\libhal_bsp.a(alt_isatty.o)
 .bss           0x0000000002039c44        0x0 ../FinalVersion_bsp/\libhal_bsp.a(alt_load.o)
 .bss           0x0000000002039c44        0x0 ../FinalVersion_bsp/\libhal_bsp.a(alt_lseek.o)
 .bss           0x0000000002039c44        0x0 ../FinalVersion_bsp/\libhal_bsp.a(alt_main.o)
 .bss           0x0000000002039c44        0x0 ../FinalVersion_bsp/\libhal_bsp.a(alt_malloc_lock.o)
 .bss           0x0000000002039c44        0x0 ../FinalVersion_bsp/\libhal_bsp.a(alt_read.o)
 .bss           0x0000000002039c44        0x0 ../FinalVersion_bsp/\libhal_bsp.a(alt_release_fd.o)
 .bss           0x0000000002039c44        0x0 ../FinalVersion_bsp/\libhal_bsp.a(alt_sbrk.o)
 .bss           0x0000000002039c44        0x0 ../FinalVersion_bsp/\libhal_bsp.a(alt_tick.o)
 .bss           0x0000000002039c44        0x0 ../FinalVersion_bsp/\libhal_bsp.a(alt_usleep.o)
 .bss           0x0000000002039c44        0x0 ../FinalVersion_bsp/\libhal_bsp.a(alt_write.o)
 .bss           0x0000000002039c44        0x0 ../FinalVersion_bsp/\libhal_bsp.a(alt_sys_init.o)
 .bss           0x0000000002039c44        0x0 ../FinalVersion_bsp/\libhal_bsp.a(altera_avalon_jtag_uart_fd.o)
 .bss           0x0000000002039c44        0x0 ../FinalVersion_bsp/\libhal_bsp.a(altera_avalon_jtag_uart_init.o)
 .bss           0x0000000002039c44        0x0 ../FinalVersion_bsp/\libhal_bsp.a(altera_avalon_jtag_uart_ioctl.o)
 .bss           0x0000000002039c44        0x0 ../FinalVersion_bsp/\libhal_bsp.a(altera_avalon_jtag_uart_read.o)
 .bss           0x0000000002039c44        0x0 ../FinalVersion_bsp/\libhal_bsp.a(altera_avalon_jtag_uart_write.o)
 .bss           0x0000000002039c44        0x0 ../FinalVersion_bsp/\libhal_bsp.a(altera_avalon_spi.o)
 .bss           0x0000000002039c44        0x0 ../FinalVersion_bsp/\libhal_bsp.a(altera_avalon_timer_sc.o)
 .bss           0x0000000002039c44        0x0 ../FinalVersion_bsp/\libhal_bsp.a(alt_busy_sleep.o)
 .bss           0x0000000002039c44        0x0 ../FinalVersion_bsp/\libhal_bsp.a(alt_dcache_flush_all.o)
 .bss           0x0000000002039c44        0x0 ../FinalVersion_bsp/\libhal_bsp.a(alt_dev_llist_insert.o)
 .bss           0x0000000002039c44        0x0 ../FinalVersion_bsp/\libhal_bsp.a(alt_do_ctors.o)
 .bss           0x0000000002039c44        0x0 ../FinalVersion_bsp/\libhal_bsp.a(alt_do_dtors.o)
 .bss           0x0000000002039c44        0x0 ../FinalVersion_bsp/\libhal_bsp.a(alt_exception_entry.o)
 .bss           0x0000000002039c44        0x0 ../FinalVersion_bsp/\libhal_bsp.a(alt_icache_flush_all.o)
 .bss           0x0000000002039c44        0x0 ../FinalVersion_bsp/\libhal_bsp.a(alt_io_redirect.o)
 .bss           0x0000000002039c44        0x0 ../FinalVersion_bsp/\libhal_bsp.a(alt_open.o)
 .bss           0x0000000002039c44        0x0 ../FinalVersion_bsp/\libhal_bsp.a(altera_nios2_qsys_irq.o)
 .bss           0x0000000002039c44        0x0 ../FinalVersion_bsp/\libhal_bsp.a(alt_find_dev.o)
 .bss           0x0000000002039c44        0x0 ../FinalVersion_bsp/\libhal_bsp.a(alt_find_file.o)
 .bss           0x0000000002039c44        0x0 ../FinalVersion_bsp/\libhal_bsp.a(alt_get_fd.o)
 .bss           0x0000000002039c44        0x0 ../FinalVersion_bsp/\libhal_bsp.a(alt_icache_flush.o)
 .bss           0x0000000002039c44        0x0 c:/altera/15.0/qartussetupweb/nios2eds/bin/gnu/h-x86_64-mingw32/bin/../lib/gcc/nios2-elf/4.9.1/../../../../../H-x86_64-mingw32/nios2-elf/lib\libc.a(lib_a-atexit.o)
 .bss           0x0000000002039c44        0x0 c:/altera/15.0/qartussetupweb/nios2eds/bin/gnu/h-x86_64-mingw32/bin/../lib/gcc/nios2-elf/4.9.1/../../../../../H-x86_64-mingw32/nios2-elf/lib\libc.a(lib_a-exit.o)
 .bss           0x0000000002039c44        0x0 c:/altera/15.0/qartussetupweb/nios2eds/bin/gnu/h-x86_64-mingw32/bin/../lib/gcc/nios2-elf/4.9.1/../../../../../H-x86_64-mingw32/nios2-elf/lib\libc.a(lib_a-memcmp.o)
 .bss           0x0000000002039c44        0x0 c:/altera/15.0/qartussetupweb/nios2eds/bin/gnu/h-x86_64-mingw32/bin/../lib/gcc/nios2-elf/4.9.1/../../../../../H-x86_64-mingw32/nios2-elf/lib\libc.a(lib_a-__atexit.o)
 .bss           0x0000000002039c44        0x0 c:/altera/15.0/qartussetupweb/nios2eds/bin/gnu/h-x86_64-mingw32/bin/../lib/gcc/nios2-elf/4.9.1/../../../../../H-x86_64-mingw32/nios2-elf/lib\libc.a(lib_a-__call_atexit.o)
 .bss           0x0000000002039c44        0x0 ../FinalVersion_bsp/\libhal_bsp.a(alt_exit.o)
 *(COMMON)
 COMMON         0x0000000002039c44      0x100 ../FinalVersion_bsp/\libhal_bsp.a(alt_irq_handler.o)
                0x0000000002039c44                alt_irq
                0x0000000002039d44                . = ALIGN (0x4)
                0x0000000002039d44                __bss_end = ABSOLUTE (.)

.SDRAM          0x0000000002039d44        0x0
                0x0000000002039d44                PROVIDE (_alt_partition_SDRAM_start, ABSOLUTE (.))
 *(.SDRAM .SDRAM. SDRAM.*)
                0x0000000002039d44                . = ALIGN (0x4)
                0x0000000002039d44                PROVIDE (_alt_partition_SDRAM_end, ABSOLUTE (.))
                0x0000000002039d44                _end = ABSOLUTE (.)
                0x0000000002039d44                end = ABSOLUTE (.)